Archive member included because of file (symbol)

/opt/toolchains/gcc-arm-none-eabi-4_9-2015q1/bin/../lib/gcc/arm-none-eabi/4.9.3/armv7-ar/thumb/libgcc.a(_udivsi3.o)
                              /home/tienluong/workspace/atlantis_fw/Output/build/AsicFwS1/hal_com.o (__aeabi_uidiv)
/opt/toolchains/gcc-arm-none-eabi-4_9-2015q1/bin/../lib/gcc/arm-none-eabi/4.9.3/armv7-ar/thumb/libgcc.a(_divsi3.o)
                              /home/tienluong/workspace/atlantis_fw/Output/build/AsicFwS1/hal_wdt.o (__aeabi_idiv)
/opt/toolchains/gcc-arm-none-eabi-4_9-2015q1/bin/../lib/gcc/arm-none-eabi/4.9.3/armv7-ar/thumb/libgcc.a(_dvmd_tls.o)
                              /opt/toolchains/gcc-arm-none-eabi-4_9-2015q1/bin/../lib/gcc/arm-none-eabi/4.9.3/armv7-ar/thumb/libgcc.a(_udivsi3.o) (__aeabi_idiv0)
/opt/toolchains/gcc-arm-none-eabi-4_9-2015q1/bin/../lib/gcc/arm-none-eabi/4.9.3/../../../../arm-none-eabi/lib/armv7-ar/thumb/libc.a(lib_a-memcpy.o)
                              /home/tienluong/workspace/atlantis_fw/Output/build/AsicFwS1/main.o (memcpy)
/opt/toolchains/gcc-arm-none-eabi-4_9-2015q1/bin/../lib/gcc/arm-none-eabi/4.9.3/../../../../arm-none-eabi/lib/armv7-ar/thumb/libc.a(lib_a-memset.o)
                              /home/tienluong/workspace/atlantis_fw/Output/build/AsicFwS1/hal_ddr.o (memset)
/opt/toolchains/gcc-arm-none-eabi-4_9-2015q1/bin/../lib/gcc/arm-none-eabi/4.9.3/../../../../arm-none-eabi/lib/armv7-ar/thumb/libc.a(lib_a-printf.o)
                              /home/tienluong/workspace/atlantis_fw/Output/build/AsicFwS1/hal_ddr.o (printf)
/opt/toolchains/gcc-arm-none-eabi-4_9-2015q1/bin/../lib/gcc/arm-none-eabi/4.9.3/../../../../arm-none-eabi/lib/armv7-ar/thumb/libc.a(lib_a-putchar.o)
                              /home/tienluong/workspace/atlantis_fw/Output/build/AsicFwS1/hal_ddr.o (putchar)
/opt/toolchains/gcc-arm-none-eabi-4_9-2015q1/bin/../lib/gcc/arm-none-eabi/4.9.3/../../../../arm-none-eabi/lib/armv7-ar/thumb/libc.a(lib_a-puts.o)
                              /home/tienluong/workspace/atlantis_fw/Output/build/AsicFwS1/hal_ddr.o (puts)
/opt/toolchains/gcc-arm-none-eabi-4_9-2015q1/bin/../lib/gcc/arm-none-eabi/4.9.3/../../../../arm-none-eabi/lib/armv7-ar/thumb/libc.a(lib_a-strlen.o)
                              /opt/toolchains/gcc-arm-none-eabi-4_9-2015q1/bin/../lib/gcc/arm-none-eabi/4.9.3/../../../../arm-none-eabi/lib/armv7-ar/thumb/libc.a(lib_a-puts.o) (strlen)
/opt/toolchains/gcc-arm-none-eabi-4_9-2015q1/bin/../lib/gcc/arm-none-eabi/4.9.3/../../../../arm-none-eabi/lib/armv7-ar/thumb/libc.a(lib_a-vfprintf.o)
                              /opt/toolchains/gcc-arm-none-eabi-4_9-2015q1/bin/../lib/gcc/arm-none-eabi/4.9.3/../../../../arm-none-eabi/lib/armv7-ar/thumb/libc.a(lib_a-printf.o) (_vfprintf_r)
/opt/toolchains/gcc-arm-none-eabi-4_9-2015q1/bin/../lib/gcc/arm-none-eabi/4.9.3/../../../../arm-none-eabi/lib/armv7-ar/thumb/libc.a(lib_a-wsetup.o)
                              /opt/toolchains/gcc-arm-none-eabi-4_9-2015q1/bin/../lib/gcc/arm-none-eabi/4.9.3/../../../../arm-none-eabi/lib/armv7-ar/thumb/libc.a(lib_a-vfprintf.o) (__swsetup_r)
/opt/toolchains/gcc-arm-none-eabi-4_9-2015q1/bin/../lib/gcc/arm-none-eabi/4.9.3/../../../../arm-none-eabi/lib/armv7-ar/thumb/libc.a(lib_a-dtoa.o)
                              /opt/toolchains/gcc-arm-none-eabi-4_9-2015q1/bin/../lib/gcc/arm-none-eabi/4.9.3/../../../../arm-none-eabi/lib/armv7-ar/thumb/libc.a(lib_a-vfprintf.o) (_dtoa_r)
/opt/toolchains/gcc-arm-none-eabi-4_9-2015q1/bin/../lib/gcc/arm-none-eabi/4.9.3/../../../../arm-none-eabi/lib/armv7-ar/thumb/libc.a(lib_a-fflush.o)
                              /opt/toolchains/gcc-arm-none-eabi-4_9-2015q1/bin/../lib/gcc/arm-none-eabi/4.9.3/../../../../arm-none-eabi/lib/armv7-ar/thumb/libc.a(lib_a-vfprintf.o) (_fflush_r)
/opt/toolchains/gcc-arm-none-eabi-4_9-2015q1/bin/../lib/gcc/arm-none-eabi/4.9.3/../../../../arm-none-eabi/lib/armv7-ar/thumb/libc.a(lib_a-findfp.o)
                              /opt/toolchains/gcc-arm-none-eabi-4_9-2015q1/bin/../lib/gcc/arm-none-eabi/4.9.3/../../../../arm-none-eabi/lib/armv7-ar/thumb/libc.a(lib_a-vfprintf.o) (__sinit)
/opt/toolchains/gcc-arm-none-eabi-4_9-2015q1/bin/../lib/gcc/arm-none-eabi/4.9.3/../../../../arm-none-eabi/lib/armv7-ar/thumb/libc.a(lib_a-freer.o)
                              /opt/toolchains/gcc-arm-none-eabi-4_9-2015q1/bin/../lib/gcc/arm-none-eabi/4.9.3/../../../../arm-none-eabi/lib/armv7-ar/thumb/libc.a(lib_a-wsetup.o) (_free_r)
/opt/toolchains/gcc-arm-none-eabi-4_9-2015q1/bin/../lib/gcc/arm-none-eabi/4.9.3/../../../../arm-none-eabi/lib/armv7-ar/thumb/libc.a(lib_a-fvwrite.o)
                              /opt/toolchains/gcc-arm-none-eabi-4_9-2015q1/bin/../lib/gcc/arm-none-eabi/4.9.3/../../../../arm-none-eabi/lib/armv7-ar/thumb/libc.a(lib_a-puts.o) (__sfvwrite_r)
/opt/toolchains/gcc-arm-none-eabi-4_9-2015q1/bin/../lib/gcc/arm-none-eabi/4.9.3/../../../../arm-none-eabi/lib/armv7-ar/thumb/libc.a(lib_a-fwalk.o)
[...]
Memory Configuration

Name             Origin             Length             Attributes
CODE_REGION      0x03300154         0x0000cc00         xr
DATA_REGION      0x03400000         0x00006000         xrw
*default*        0x00000000         0xffffffff

Linker script and memory map

LOAD /opt/toolchains/gcc-arm-none-eabi-4_9-2015q1/bin/../lib/gcc/arm-none-eabi/4.9.3/../../../../arm-none-eabi/lib/armv7-ar/thumb/libnosys.a
LOAD /home/tienluong/workspace/atlantis_fw/Output/build/AsicFwS1/armv7_start.o
LOAD /home/tienluong/workspace/atlantis_fw/Output/build/AsicFwS1/jump.o
LOAD /home/tienluong/workspace/atlantis_fw/Output/build/AsicFwS1/int_vectors.o
LOAD /home/tienluong/workspace/atlantis_fw/Output/build/AsicFwS1/reset_handler.o
LOAD /home/tienluong/workspace/atlantis_fw/Output/build/AsicFwS1/startup.o
LOAD /home/tienluong/workspace/atlantis_fw/Output/build/AsicFwS1/hal_com.o
LOAD /home/tienluong/workspace/atlantis_fw/Output/build/AsicFwS1/hal_gpio.o
LOAD /home/tienluong/workspace/atlantis_fw/Output/build/AsicFwS1/hal_timer.o
LOAD /home/tienluong/workspace/atlantis_fw/Output/build/AsicFwS1/hal_wdt.o
LOAD /home/tienluong/workspace/atlantis_fw/Output/build/AsicFwS1/hal_vic.o
LOAD /home/tienluong/workspace/atlantis_fw/Output/build/AsicFwS1/hal_qspi.o
LOAD /home/tienluong/workspace/atlantis_fw/Output/build/AsicFwS1/hal_pwm.o
LOAD /home/tienluong/workspace/atlantis_fw/Output/build/AsicFwS1/hal_cache.o
LOAD /home/tienluong/workspace/atlantis_fw/Output/build/AsicFwS1/hal_ddr.o
LOAD /home/tienluong/workspace/atlantis_fw/Output/build/AsicFwS1/flash.o
LOAD /home/tienluong/workspace/atlantis_fw/Output/build/AsicFwS1/timestamp.o
LOAD /home/tienluong/workspace/atlantis_fw/Output/build/AsicFwS1/assert.o
LOAD /home/tienluong/workspace/atlantis_fw/Output/build/AsicFwS1/main.o
LOAD /home/tienluong/workspace/atlantis_fw/Output/build/AsicFwS1/timer_s1.o
LOAD /home/tienluong/workspace/atlantis_fw/platform/common/sblib/libsb.a
LOAD /home/tienluong/workspace/atlantis_fw/platform/common/sblib/libellipsys_p0.a
START GROUP
LOAD /opt/toolchains/gcc-arm-none-eabi-4_9-2015q1/bin/../lib/gcc/arm-none-eabi/4.9.3/armv7-ar/thumb/libgcc.a
LOAD /opt/toolchains/gcc-arm-none-eabi-4_9-2015q1/bin/../lib/gcc/arm-none-eabi/4.9.3/../../../../arm-none-eabi/lib/armv7-ar/thumb/libc.a
END GROUP
START GROUP
LOAD /opt/toolchains/gcc-arm-none-eabi-4_9-2015q1/bin/../lib/gcc/arm-none-eabi/4.9.3/armv7-ar/thumb/libgcc.a
LOAD /opt/toolchains/gcc-arm-none-eabi-4_9-2015q1/bin/../lib/gcc/arm-none-eabi/4.9.3/../../../../arm-none-eabi/lib/armv7-ar/thumb/libc.a
LOAD /opt/toolchains/gcc-arm-none-eabi-4_9-2015q1/bin/../lib/gcc/arm-none-eabi/4.9.3/../../../../arm-none-eabi/lib/armv7-ar/thumb/libnosys.a
END GROUP
                0x00001500                SYS_STACK_SIZE = 0x1500
                0x00000200                SVC_STACK_SIZE = 0x200
                0x00000200                IRQ_STACK_SIZE = 0x200
                0x00000200                FIQ_STACK_SIZE = 0x200
                0x00000200                UND_STACK_SIZE = 0x200
                0x00000200                ABT_STACK_SIZE = 0x200
                0x00001000                HEAP_STACK_SIZE = 0x1000
                0x03300154                USER_EXEC_BASE = 0x3300154

.reset          0x03300154       0x7c
                0x03300154                reset_start = .
                0x03300154                execute = .
                0x03300154                _intvec_start = .
 *start.o(.text)
 *fill*         0x03300154        0xc 
 .text          0x03300160       0x70 /home/tienluong/workspace/atlantis_fw/Output/build/AsicFwS1/armv7_start.o
                0x03300160                start
                0x033001d0                . = ALIGN (0x4)
                0x033001d0                _intvec_end = .
                0x033001d0                end_reset = .

.text           0x033001d0     0x8b18
 *(.isr_vector)
 *(.text*)
 .text          0x033001d0       0x7c /home/tienluong/workspace/atlantis_fw/Output/build/AsicFwS1/jump.o
                0x033001d0                jump_to_SRAM
 .text          0x0330024c       0x1c /home/tienluong/workspace/atlantis_fw/Output/build/AsicFwS1/int_vectors.o
                0x0330024c                undefined_handler
                0x03300250                svc_handler
                0x03300254                prefetch_handler
                0x03300258                abort_handler
                0x0330025c                reserved_handler
                0x03300260                irq_handler
                0x03300264                fiq_handler
 .text          0x03300268      0x298 /home/tienluong/workspace/atlantis_fw/Output/build/AsicFwS1/reset_handler.o
                0x03300268                reset_handler
                0x033003e4                dcache_invalidate
                0x033003f0                dcache_enable
                0x0330040c                dcache_disable
                0x03300460                enable_irq
                0x03300470                disable_irq
                0x03300480                enable_fiq
                0x03300490                disable_fiq
                0x033004a0                enable_TCM_RMW
                0x033004b4                disable_TCM_RMW
                0x033004c4                write_64bit_mem
                0x033004d0                read_64bit_mem
 .text.startup_main
                0x03300500       0x60 /home/tienluong/workspace/atlantis_fw/Output/build/AsicFwS1/startup.o
                0x03300500                startup_main
 .text.hal_com_sendbyte
                0x03300560       0xa0 /home/tienluong/workspace/atlantis_fw/Output/build/AsicFwS1/hal_com.o
                0x03300560                hal_com_sendbyte
 .text.hal_gpio_init
                0x03300600       0xd0 /home/tienluong/workspace/atlantis_fw/Output/build/AsicFwS1/hal_gpio.o
                0x03300600                hal_gpio_init
 .text.hal_gpio_set_low
                0x033006d0       0xd0 /home/tienluong/workspace/atlantis_fw/Output/build/AsicFwS1/hal_gpio.o
                0x033006d0                hal_gpio_set_low
 .text.hal_gpio_set_high
                0x033007a0       0xd0 /home/tienluong/workspace/atlantis_fw/Output/build/AsicFwS1/hal_gpio.o
                0x033007a0                hal_gpio_set_high
 .text.timer_irq_handler
                0x03300870       0x5c /home/tienluong/workspace/atlantis_fw/Output/build/AsicFwS1/hal_timer.o
 .text.hal_timer_init
                0x033008cc       0xb4 /home/tienluong/workspace/atlantis_fw/Output/build/AsicFwS1/hal_timer.o
                0x033008cc                hal_timer_init
 .text.hal_timer_start
                0x03300980       0x30 /home/tienluong/workspace/atlantis_fw/Output/build/AsicFwS1/hal_timer.o
                0x03300980                hal_timer_start
 .text.hal_timer_stop
                0x033009b0       0x30 /home/tienluong/workspace/atlantis_fw/Output/build/AsicFwS1/hal_timer.o
                0x033009b0                hal_timer_stop
 .text.hal_timer_read_counter_reg
                0x033009e0       0x1c /home/tienluong/workspace/atlantis_fw/Output/build/AsicFwS1/hal_timer.o
                0x033009e0                hal_timer_read_counter_reg
 .text.hal_timer_set_period
                0x033009fc       0x1c /home/tienluong/workspace/atlantis_fw/Output/build/AsicFwS1/hal_timer.o
                0x033009fc                hal_timer_set_period
 .text.vic_init
                0x03300a18       0x40 /home/tienluong/workspace/atlantis_fw/Output/build/AsicFwS1/hal_vic.o
                0x03300a18                vic_init
 .text.vic_enable_irq
                0x03300a58       0x54 /home/tienluong/workspace/atlantis_fw/Output/build/AsicFwS1/hal_vic.o
                0x03300a58                vic_enable_irq
 .text.vic_register_irq
                0x03300aac       0x70 /home/tienluong/workspace/atlantis_fw/Output/build/AsicFwS1/hal_vic.o
                0x03300aac                vic_register_irq
 .text.vic_set_priority_irq
                0x03300b1c       0x60 /home/tienluong/workspace/atlantis_fw/Output/build/AsicFwS1/hal_vic.o
                0x03300b1c                vic_set_priority_irq
 .text.transfer_cmd
                0x03300b7c      0x34c /home/tienluong/workspace/atlantis_fw/Output/build/AsicFwS1/hal_qspi.o
                0x03300b7c                transfer_cmd
 .text.qspi_init
                0x03300ec8       0x48 /home/tienluong/workspace/atlantis_fw/Output/build/AsicFwS1/hal_qspi.o
                0x03300ec8                qspi_init
 .text.hal_pwm_stop
                0x03300f10       0x54 /home/tienluong/workspace/atlantis_fw/Output/build/AsicFwS1/hal_pwm.o
                0x03300f10                hal_pwm_stop
 .text.hal_pwm_set_high
                0x03300f64       0x50 /home/tienluong/workspace/atlantis_fw/Output/build/AsicFwS1/hal_pwm.o
                0x03300f64                hal_pwm_set_high
 .text.hal_pwm_set_low
                0x03300fb4       0x50 /home/tienluong/workspace/atlantis_fw/Output/build/AsicFwS1/hal_pwm.o
                0x03300fb4                hal_pwm_set_low
 .text.v7_maint_dcache_all
                0x03301004       0xd4 /home/tienluong/workspace/atlantis_fw/Output/build/AsicFwS1/hal_cache.o
 .text.flush_dcache_all
                0x033010d8        0x8 /home/tienluong/workspace/atlantis_fw/Output/build/AsicFwS1/hal_cache.o
                0x033010d8                flush_dcache_all
 .text.DDR_Update_TrainingValue
                0x033010e0       0x5c /home/tienluong/workspace/atlantis_fw/Output/build/AsicFwS1/hal_ddr.o
 .text.prvITM_SW_Reset
                0x0330113c       0x1c /home/tienluong/workspace/atlantis_fw/Output/build/AsicFwS1/hal_ddr.o
 .text.prvSW_DQS_GW_Training
                0x03301158      0x404 /home/tienluong/workspace/atlantis_fw/Output/build/AsicFwS1/hal_ddr.o
                0x03301158                prvSW_DQS_GW_Training
 .text.prvSW_DQS_Training
                0x0330155c      0x334 /home/tienluong/workspace/atlantis_fw/Output/build/AsicFwS1/hal_ddr.o
                0x0330155c                prvSW_DQS_Training
 .text.DDR_TEST
                0x03301890       0xa4 /home/tienluong/workspace/atlantis_fw/Output/build/AsicFwS1/hal_ddr.o
                0x03301890                DDR_TEST
 .text.DDR_MCTL_init
                0x03301934      0x44c /home/tienluong/workspace/atlantis_fw/Output/build/AsicFwS1/hal_ddr.o
                0x03301934                DDR_MCTL_init
 .text.DDR_MCTL_init_2
                0x03301d80       0x1c /home/tienluong/workspace/atlantis_fw/Output/build/AsicFwS1/hal_ddr.o
                0x03301d80                DDR_MCTL_init_2
 .text.DDR_MCTL_init_3
                0x03301d9c       0x40 /home/tienluong/workspace/atlantis_fw/Output/build/AsicFwS1/hal_ddr.o
                0x03301d9c                DDR_MCTL_init_3
 .text.DDR_MCTL_DFI_init_complete_ctrl
                0x03301ddc       0x34 /home/tienluong/workspace/atlantis_fw/Output/build/AsicFwS1/hal_ddr.o
                0x03301ddc                DDR_MCTL_DFI_init_complete_ctrl
 .text.DDRPHY_init0
                0x03301e10       0xdc /home/tienluong/workspace/atlantis_fw/Output/build/AsicFwS1/hal_ddr.o
                0x03301e10                DDRPHY_init0
 .text.DDRPHY_init1
                0x03301eec       0xdc /home/tienluong/workspace/atlantis_fw/Output/build/AsicFwS1/hal_ddr.o
                0x03301eec                DDRPHY_init1
 .text.DDR_Init
                0x03301fc8      0x1e8 /home/tienluong/workspace/atlantis_fw/Output/build/AsicFwS1/hal_ddr.o
                0x03301fc8                DDR_Init
 .text.hal_ddr_init
                0x033021b0       0x60 /home/tienluong/workspace/atlantis_fw/Output/build/AsicFwS1/hal_ddr.o
                0x033021b0                hal_ddr_init
 .text.cmd_read
                0x03302210      0x368 /home/tienluong/workspace/atlantis_fw/Output/build/AsicFwS1/flash.o
 .text.flash_init
                0x03302578       0x28 /home/tienluong/workspace/atlantis_fw/Output/build/AsicFwS1/flash.o
                0x03302578                flash_init
 .text.flash_read
                0x033025a0       0x5c /home/tienluong/workspace/atlantis_fw/Output/build/AsicFwS1/flash.o
                0x033025a0                flash_read
 .text.timestamp_start
                0x033025fc       0x34 /home/tienluong/workspace/atlantis_fw/Output/build/AsicFwS1/timestamp.o
                0x033025fc                timestamp_start
 .text.timestamp_ms
                0x03302630       0x30 /home/tienluong/workspace/atlantis_fw/Output/build/AsicFwS1/timestamp.o
                0x03302630                timestamp_ms
 .text.assert_failed
                0x03302660       0x34 /home/tienluong/workspace/atlantis_fw/Output/build/AsicFwS1/assert.o
                0x03302660                assert_failed
 .text.authenticate_s2fw_flash
                0x03302694      0x114 /home/tienluong/workspace/atlantis_fw/Output/build/AsicFwS1/main.o
 .text._write   0x033027a8       0x40 /home/tienluong/workspace/atlantis_fw/Output/build/AsicFwS1/main.o
                0x033027a8                _write
 .text.load_fws2
                0x033027e8      0x1e8 /home/tienluong/workspace/atlantis_fw/Output/build/AsicFwS1/main.o
                0x033027e8                load_fws2
 .text.startup.main
                0x033029d0      0x188 /home/tienluong/workspace/atlantis_fw/Output/build/AsicFwS1/main.o
                0x033029d0                main
 .text.timerN_enable
                0x03302b58       0x20 /home/tienluong/workspace/atlantis_fw/Output/build/AsicFwS1/timer_s1.o
                0x03302b58                timerN_enable
 .text.timerN_disable
                0x03302b78       0x20 /home/tienluong/workspace/atlantis_fw/Output/build/AsicFwS1/timer_s1.o
                0x03302b78                timerN_disable
 .text.timerN_config
                0x03302b98       0x84 /home/tienluong/workspace/atlantis_fw/Output/build/AsicFwS1/timer_s1.o
                0x03302b98                timerN_config
 .text.udelay   0x03302c1c       0x78 /home/tienluong/workspace/atlantis_fw/Output/build/AsicFwS1/timer_s1.o
                0x03302c1c                udelay
 *fill*         0x03302c94        0x4 
 .text          0x03302c98      0x278 /opt/toolchains/gcc-arm-none-eabi-4_9-2015q1/bin/../lib/gcc/arm-none-eabi/4.9.3/armv7-ar/thumb/libgcc.a(_udivsi3.o)
                0x03302c98                __udivsi3
                0x03302c98                __aeabi_uidiv
                0x03302ef4                __aeabi_uidivmod
 .text          0x03302f10      0x2b0 /opt/toolchains/gcc-arm-none-eabi-4_9-2015q1/bin/../lib/gcc/arm-none-eabi/4.9.3/armv7-ar/thumb/libgcc.a(_divsi3.o)
                0x03302f10                __aeabi_idiv
                0x03302f10                __divsi3
                0x033031a4                __aeabi_idivmod
 .text          0x033031c0        0x4 /opt/toolchains/gcc-arm-none-eabi-4_9-2015q1/bin/../lib/gcc/arm-none-eabi/4.9.3/armv7-ar/thumb/libgcc.a(_dvmd_tls.o)
                0x033031c0                __aeabi_ldiv0
                0x033031c0                __aeabi_idiv0
 .text.memcpy   0x033031c4       0xa8 /opt/toolchains/gcc-arm-none-eabi-4_9-2015q1/bin/../lib/gcc/arm-none-eabi/4.9.3/../../../../arm-none-eabi/lib/armv7-ar/thumb/libc.a(lib_a-memcpy.o)
                0x033031c4                memcpy
 .text.memset   0x0330326c       0xa4 /opt/toolchains/gcc-arm-none-eabi-4_9-2015q1/bin/../lib/gcc/arm-none-eabi/4.9.3/../../../../arm-none-eabi/lib/armv7-ar/thumb/libc.a(lib_a-memset.o)
                0x0330326c                memset
 .text.printf   0x03303310       0x2c /opt/toolchains/gcc-arm-none-eabi-4_9-2015q1/bin/../lib/gcc/arm-none-eabi/4.9.3/../../../../arm-none-eabi/lib/armv7-ar/thumb/libc.a(lib_a-printf.o)
                0x03303310                printf
 .text.putchar  0x0330333c       0x14 /opt/toolchains/gcc-arm-none-eabi-4_9-2015q1/bin/../lib/gcc/arm-none-eabi/4.9.3/../../../../arm-none-eabi/lib/armv7-ar/thumb/libc.a(lib_a-putchar.o)
                0x0330333c                putchar
 .text._puts_r  0x03303350       0x5c /opt/toolchains/gcc-arm-none-eabi-4_9-2015q1/bin/../lib/gcc/arm-none-eabi/4.9.3/../../../../arm-none-eabi/lib/armv7-ar/thumb/libc.a(lib_a-puts.o)
                0x03303350                _puts_r
 .text.puts     0x033033ac       0x10 /opt/toolchains/gcc-arm-none-eabi-4_9-2015q1/bin/../lib/gcc/arm-none-eabi/4.9.3/../../../../arm-none-eabi/lib/armv7-ar/thumb/libc.a(lib_a-puts.o)
                0x033033ac                puts
 .text.strlen   0x033033bc       0x5c /opt/toolchains/gcc-arm-none-eabi-4_9-2015q1/bin/../lib/gcc/arm-none-eabi/4.9.3/../../../../arm-none-eabi/lib/armv7-ar/thumb/libc.a(lib_a-strlen.o)
                0x033033bc                strlen
 .text._vfprintf_r
                0x03303418     0x15a0 /opt/toolchains/gcc-arm-none-eabi-4_9-2015q1/bin/../lib/gcc/arm-none-eabi/4.9.3/../../../../arm-none-eabi/lib/armv7-ar/thumb/libc.a(lib_a-vfprintf.o)
                0x03303418                _vfprintf_r
 .text.__sbprintf
                0x033049b8       0x7c /opt/toolchains/gcc-arm-none-eabi-4_9-2015q1/bin/../lib/gcc/arm-none-eabi/4.9.3/../../../../arm-none-eabi/lib/armv7-ar/thumb/libc.a(lib_a-vfprintf.o)
 .text.__swsetup_r
                0x03304a34       0xc4 /opt/toolchains/gcc-arm-none-eabi-4_9-2015q1/bin/../lib/gcc/arm-none-eabi/4.9.3/../../../../arm-none-eabi/lib/armv7-ar/thumb/libc.a(lib_a-wsetup.o)
                0x03304a34                __swsetup_r
 .text.quorem   0x03304af8      0x13c /opt/toolchains/gcc-arm-none-eabi-4_9-2015q1/bin/../lib/gcc/arm-none-eabi/4.9.3/../../../../arm-none-eabi/lib/armv7-ar/thumb/libc.a(lib_a-dtoa.o)
 *fill*         0x03304c34        0x4 
 .text._dtoa_r  0x03304c38      0xf20 /opt/toolchains/gcc-arm-none-eabi-4_9-2015q1/bin/../lib/gcc/arm-none-eabi/4.9.3/../../../../arm-none-eabi/lib/armv7-ar/thumb/libc.a(lib_a-dtoa.o)
                0x03304c38                _dtoa_r
 .text.__sflush_r
                0x03305b58      0x154 /opt/toolchains/gcc-arm-none-eabi-4_9-2015q1/bin/../lib/gcc/arm-none-eabi/4.9.3/../../../../arm-none-eabi/lib/armv7-ar/thumb/libc.a(lib_a-fflush.o)
                0x03305b58                __sflush_r
 .text._fflush_r
                0x03305cac       0x2c /opt/toolchains/gcc-arm-none-eabi-4_9-2015q1/bin/../lib/gcc/arm-none-eabi/4.9.3/../../../../arm-none-eabi/lib/armv7-ar/thumb/libc.a(lib_a-fflush.o)
                0x03305cac                _fflush_r
 .text._cleanup_r
                0x03305cd8        0xc /opt/toolchains/gcc-arm-none-eabi-4_9-2015q1/bin/../lib/gcc/arm-none-eabi/4.9.3/../../../../arm-none-eabi/lib/armv7-ar/thumb/libc.a(lib_a-findfp.o)
                0x03305cd8                _cleanup_r
 .text.__sinit.part.1
                0x03305ce4      0x100 /opt/toolchains/gcc-arm-none-eabi-4_9-2015q1/bin/../lib/gcc/arm-none-eabi/4.9.3/../../../../arm-none-eabi/lib/armv7-ar/thumb/libc.a(lib_a-findfp.o)
 .text.__sinit  0x03305de4        0xc /opt/toolchains/gcc-arm-none-eabi-4_9-2015q1/bin/../lib/gcc/arm-none-eabi/4.9.3/../../../../arm-none-eabi/lib/armv7-ar/thumb/libc.a(lib_a-findfp.o)
                0x03305de4                __sinit
 .text.__sfp_lock_acquire
                0x03305df0        0x4 /opt/toolchains/gcc-arm-none-eabi-4_9-2015q1/bin/../lib/gcc/arm-none-eabi/4.9.3/../../../../arm-none-eabi/lib/armv7-ar/thumb/libc.a(lib_a-findfp.o)
                0x03305df0                __sfp_lock_acquire
 .text.__sfp_lock_release
                0x03305df4        0x4 /opt/toolchains/gcc-arm-none-eabi-4_9-2015q1/bin/../lib/gcc/arm-none-eabi/4.9.3/../../../../arm-none-eabi/lib/armv7-ar/thumb/libc.a(lib_a-findfp.o)
                0x03305df4                __sfp_lock_release
 .text._malloc_trim_r
                0x03305df8       0xa8 /opt/toolchains/gcc-arm-none-eabi-4_9-2015q1/bin/../lib/gcc/arm-none-eabi/4.9.3/../../../../arm-none-eabi/lib/armv7-ar/thumb/libc.a(lib_a-freer.o)
                0x03305df8                _malloc_trim_r
 .text._free_r  0x03305ea0      0x1b4 /opt/toolchains/gcc-arm-none-eabi-4_9-2015q1/bin/../lib/gcc/arm-none-eabi/4.9.3/../../../../arm-none-eabi/lib/armv7-ar/thumb/libc.a(lib_a-freer.o)
                0x03305ea0                _free_r
 .text.__sfvwrite_r
                0x03306054      0x318 /opt/toolchains/gcc-arm-none-eabi-4_9-2015q1/bin/../lib/gcc/arm-none-eabi/4.9.3/../../../../arm-none-eabi/lib/armv7-ar/thumb/libc.a(lib_a-fvwrite.o)
                0x03306054                __sfvwrite_r
 .text._fwalk_reent
                0x0330636c       0x50 /opt/toolchains/gcc-arm-none-eabi-4_9-2015q1/bin/../lib/gcc/arm-none-eabi/4.9.3/../../../../arm-none-eabi/lib/armv7-ar/thumb/libc.a(lib_a-fwalk.o)
                0x0330636c                _fwalk_reent
 .text.__locale_charset
                0x033063bc        0xc /opt/toolchains/gcc-arm-none-eabi-4_9-2015q1/bin/../lib/gcc/arm-none-eabi/4.9.3/../../../../arm-none-eabi/lib/armv7-ar/thumb/libc.a(lib_a-locale.o)
                0x033063bc                __locale_charset
 .text.__locale_mb_cur_max
                0x033063c8        0xc /opt/toolchains/gcc-arm-none-eabi-4_9-2015q1/bin/../lib/gcc/arm-none-eabi/4.9.3/../../../../arm-none-eabi/lib/armv7-ar/thumb/libc.a(lib_a-locale.o)
                0x033063c8                __locale_mb_cur_max
 .text._localeconv_r
                0x033063d4        0xc /opt/toolchains/gcc-arm-none-eabi-4_9-2015q1/bin/../lib/gcc/arm-none-eabi/4.9.3/../../../../arm-none-eabi/lib/armv7-ar/thumb/libc.a(lib_a-locale.o)
                0x033063d4                _localeconv_r
 .text.__smakebuf_r
                0x033063e0       0xe8 /opt/toolchains/gcc-arm-none-eabi-4_9-2015q1/bin/../lib/gcc/arm-none-eabi/4.9.3/../../../../arm-none-eabi/lib/armv7-ar/thumb/libc.a(lib_a-makebuf.o)
                0x033063e0                __smakebuf_r
 .text._malloc_r
                0x033064c8      0x5a8 /opt/toolchains/gcc-arm-none-eabi-4_9-2015q1/bin/../lib/gcc/arm-none-eabi/4.9.3/../../../../arm-none-eabi/lib/armv7-ar/thumb/libc.a(lib_a-mallocr.o)
                0x033064c8                _malloc_r
 .text.memchr   0x03306a70       0x94 /opt/toolchains/gcc-arm-none-eabi-4_9-2015q1/bin/../lib/gcc/arm-none-eabi/4.9.3/../../../../arm-none-eabi/lib/armv7-ar/thumb/libc.a(lib_a-memchr.o)
                0x03306a70                memchr
 .text.memmove  0x03306b04       0xc8 /opt/toolchains/gcc-arm-none-eabi-4_9-2015q1/bin/../lib/gcc/arm-none-eabi/4.9.3/../../../../arm-none-eabi/lib/armv7-ar/thumb/libc.a(lib_a-memmove.o)
                0x03306b04                memmove
 .text.__malloc_lock
                0x03306bcc        0x4 /opt/toolchains/gcc-arm-none-eabi-4_9-2015q1/bin/../lib/gcc/arm-none-eabi/4.9.3/../../../../arm-none-eabi/lib/armv7-ar/thumb/libc.a(lib_a-mlock.o)
                0x03306bcc                __malloc_lock
 .text.__malloc_unlock
                0x03306bd0        0x4 /opt/toolchains/gcc-arm-none-eabi-4_9-2015q1/bin/../lib/gcc/arm-none-eabi/4.9.3/../../../../arm-none-eabi/lib/armv7-ar/thumb/libc.a(lib_a-mlock.o)
                0x03306bd0                __malloc_unlock
 .text._Balloc  0x03306bd4       0x50 /opt/toolchains/gcc-arm-none-eabi-4_9-2015q1/bin/../lib/gcc/arm-none-eabi/4.9.3/../../../../arm-none-eabi/lib/armv7-ar/thumb/libc.a(lib_a-mprec.o)
                0x03306bd4                _Balloc
 .text._Bfree   0x03306c24       0x14 /opt/toolchains/gcc-arm-none-eabi-4_9-2015q1/bin/../lib/gcc/arm-none-eabi/4.9.3/../../../../arm-none-eabi/lib/armv7-ar/thumb/libc.a(lib_a-mprec.o)
                0x03306c24                _Bfree
 .text.__multadd
                0x03306c38       0x88 /opt/toolchains/gcc-arm-none-eabi-4_9-2015q1/bin/../lib/gcc/arm-none-eabi/4.9.3/../../../../arm-none-eabi/lib/armv7-ar/thumb/libc.a(lib_a-mprec.o)
                0x03306c38                __multadd
 .text.__hi0bits
                0x03306cc0       0x40 /opt/toolchains/gcc-arm-none-eabi-4_9-2015q1/bin/../lib/gcc/arm-none-eabi/4.9.3/../../../../arm-none-eabi/lib/armv7-ar/thumb/libc.a(lib_a-mprec.o)
                0x03306cc0                __hi0bits
 .text.__lo0bits
                0x03306d00       0x58 /opt/toolchains/gcc-arm-none-eabi-4_9-2015q1/bin/../lib/gcc/arm-none-eabi/4.9.3/../../../../arm-none-eabi/lib/armv7-ar/thumb/libc.a(lib_a-mprec.o)
                0x03306d00                __lo0bits
 .text.__i2b    0x03306d58       0x14 /opt/toolchains/gcc-arm-none-eabi-4_9-2015q1/bin/../lib/gcc/arm-none-eabi/4.9.3/../../../../arm-none-eabi/lib/armv7-ar/thumb/libc.a(lib_a-mprec.o)
                0x03306d58                __i2b
 .text.__multiply
                0x03306d6c      0x150 /opt/toolchains/gcc-arm-none-eabi-4_9-2015q1/bin/../lib/gcc/arm-none-eabi/4.9.3/../../../../arm-none-eabi/lib/armv7-ar/thumb/libc.a(lib_a-mprec.o)
                0x03306d6c                __multiply
 .text.__pow5mult
                0x03306ebc       0xa0 /opt/toolchains/gcc-arm-none-eabi-4_9-2015q1/bin/../lib/gcc/arm-none-eabi/4.9.3/../../../../arm-none-eabi/lib/armv7-ar/thumb/libc.a(lib_a-mprec.o)
                0x03306ebc                __pow5mult
 .text.__lshift
                0x03306f5c       0xb4 /opt/toolchains/gcc-arm-none-eabi-4_9-2015q1/bin/../lib/gcc/arm-none-eabi/4.9.3/../../../../arm-none-eabi/lib/armv7-ar/thumb/libc.a(lib_a-mprec.o)
                0x03306f5c                __lshift
 .text.__mcmp   0x03307010       0x48 /opt/toolchains/gcc-arm-none-eabi-4_9-2015q1/bin/../lib/gcc/arm-none-eabi/4.9.3/../../../../arm-none-eabi/lib/armv7-ar/thumb/libc.a(lib_a-mprec.o)
                0x03307010                __mcmp
 .text.__mdiff  0x03307058       0xe4 /opt/toolchains/gcc-arm-none-eabi-4_9-2015q1/bin/../lib/gcc/arm-none-eabi/4.9.3/../../../../arm-none-eabi/lib/armv7-ar/thumb/libc.a(lib_a-mprec.o)
                0x03307058                __mdiff
 .text.__d2b    0x0330713c       0xb8 /opt/toolchains/gcc-arm-none-eabi-4_9-2015q1/bin/../lib/gcc/arm-none-eabi/4.9.3/../../../../arm-none-eabi/lib/armv7-ar/thumb/libc.a(lib_a-mprec.o)
                0x0330713c                __d2b
 .text._putc_r  0x033071f4       0x58 /opt/toolchains/gcc-arm-none-eabi-4_9-2015q1/bin/../lib/gcc/arm-none-eabi/4.9.3/../../../../arm-none-eabi/lib/armv7-ar/thumb/libc.a(lib_a-putc.o)
                0x033071f4                _putc_r
 .text._realloc_r
                0x0330724c      0x3f8 /opt/toolchains/gcc-arm-none-eabi-4_9-2015q1/bin/../lib/gcc/arm-none-eabi/4.9.3/../../../../arm-none-eabi/lib/armv7-ar/thumb/libc.a(lib_a-reallocr.o)
                0x0330724c                _realloc_r
 .text.__fpclassifyd
                0x03307644       0x50 /opt/toolchains/gcc-arm-none-eabi-4_9-2015q1/bin/../lib/gcc/arm-none-eabi/4.9.3/../../../../arm-none-eabi/lib/armv7-ar/thumb/libc.a(lib_a-s_fpclassify.o)
                0x03307644                __fpclassifyd
 .text._sbrk_r  0x03307694       0x28 /opt/toolchains/gcc-arm-none-eabi-4_9-2015q1/bin/../lib/gcc/arm-none-eabi/4.9.3/../../../../arm-none-eabi/lib/armv7-ar/thumb/libc.a(lib_a-sbrkr.o)
                0x03307694                _sbrk_r
 .text.__sread  0x033076bc       0x24 /opt/toolchains/gcc-arm-none-eabi-4_9-2015q1/bin/../lib/gcc/arm-none-eabi/4.9.3/../../../../arm-none-eabi/lib/armv7-ar/thumb/libc.a(lib_a-stdio.o)
                0x033076bc                __sread
 .text.__swrite
                0x033076e0       0x38 /opt/toolchains/gcc-arm-none-eabi-4_9-2015q1/bin/../lib/gcc/arm-none-eabi/4.9.3/../../../../arm-none-eabi/lib/armv7-ar/thumb/libc.a(lib_a-stdio.o)
                0x033076e0                __swrite
 .text.__sseek  0x03307718       0x20 /opt/toolchains/gcc-arm-none-eabi-4_9-2015q1/bin/../lib/gcc/arm-none-eabi/4.9.3/../../../../arm-none-eabi/lib/armv7-ar/thumb/libc.a(lib_a-stdio.o)
                0x03307718                __sseek
 .text.__sclose
                0x03307738        0x8 /opt/toolchains/gcc-arm-none-eabi-4_9-2015q1/bin/../lib/gcc/arm-none-eabi/4.9.3/../../../../arm-none-eabi/lib/armv7-ar/thumb/libc.a(lib_a-stdio.o)
                0x03307738                __sclose
 .text.__sprint_r.part.0
                0x03307740       0x78 /opt/toolchains/gcc-arm-none-eabi-4_9-2015q1/bin/../lib/gcc/arm-none-eabi/4.9.3/../../../../arm-none-eabi/lib/armv7-ar/thumb/libc.a(lib_a-vfiprintf.o)
 .text.__sprint_r
                0x033077b8       0x18 /opt/toolchains/gcc-arm-none-eabi-4_9-2015q1/bin/../lib/gcc/arm-none-eabi/4.9.3/../../../../arm-none-eabi/lib/armv7-ar/thumb/libc.a(lib_a-vfiprintf.o)
                0x033077b8                __sprint_r
 .text.__swbuf_r
                0x033077d0       0xa4 /opt/toolchains/gcc-arm-none-eabi-4_9-2015q1/bin/../lib/gcc/arm-none-eabi/4.9.3/../../../../arm-none-eabi/lib/armv7-ar/thumb/libc.a(lib_a-wbuf.o)
                0x033077d0                __swbuf_r
 .text._write_r
                0x03307874       0x2c /opt/toolchains/gcc-arm-none-eabi-4_9-2015q1/bin/../lib/gcc/arm-none-eabi/4.9.3/../../../../arm-none-eabi/lib/armv7-ar/thumb/libc.a(lib_a-writer.o)
                0x03307874                _write_r
 .text._calloc_r
                0x033078a0       0x64 /opt/toolchains/gcc-arm-none-eabi-4_9-2015q1/bin/../lib/gcc/arm-none-eabi/4.9.3/../../../../arm-none-eabi/lib/armv7-ar/thumb/libc.a(lib_a-callocr.o)
                0x033078a0                _calloc_r
 .text._close_r
                0x03307904       0x28 /opt/toolchains/gcc-arm-none-eabi-4_9-2015q1/bin/../lib/gcc/arm-none-eabi/4.9.3/../../../../arm-none-eabi/lib/armv7-ar/thumb/libc.a(lib_a-closer.o)
                0x03307904                _close_r
 .text._fclose_r
                0x0330792c       0x84 /opt/toolchains/gcc-arm-none-eabi-4_9-2015q1/bin/../lib/gcc/arm-none-eabi/4.9.3/../../../../arm-none-eabi/lib/armv7-ar/thumb/libc.a(lib_a-fclose.o)
                0x0330792c                _fclose_r
 .text.__fputwc
                0x033079b0       0xb4 /opt/toolchains/gcc-arm-none-eabi-4_9-2015q1/bin/../lib/gcc/arm-none-eabi/4.9.3/../../../../arm-none-eabi/lib/armv7-ar/thumb/libc.a(lib_a-fputwc.o)
                0x033079b0                __fputwc
 .text._fputwc_r
                0x03307a64       0x24 /opt/toolchains/gcc-arm-none-eabi-4_9-2015q1/bin/../lib/gcc/arm-none-eabi/4.9.3/../../../../arm-none-eabi/lib/armv7-ar/thumb/libc.a(lib_a-fputwc.o)
                0x03307a64                _fputwc_r
 .text._fstat_r
                0x03307a88       0x28 /opt/toolchains/gcc-arm-none-eabi-4_9-2015q1/bin/../lib/gcc/arm-none-eabi/4.9.3/../../../../arm-none-eabi/lib/armv7-ar/thumb/libc.a(lib_a-fstatr.o)
                0x03307a88                _fstat_r
 .text._isatty_r
                0x03307ab0       0x28 /opt/toolchains/gcc-arm-none-eabi-4_9-2015q1/bin/../lib/gcc/arm-none-eabi/4.9.3/../../../../arm-none-eabi/lib/armv7-ar/thumb/libc.a(lib_a-isattyr.o)
                0x03307ab0                _isatty_r
 .text._lseek_r
                0x03307ad8       0x2c /opt/toolchains/gcc-arm-none-eabi-4_9-2015q1/bin/../lib/gcc/arm-none-eabi/4.9.3/../../../../arm-none-eabi/lib/armv7-ar/thumb/libc.a(lib_a-lseekr.o)
                0x03307ad8                _lseek_r
 .text._read_r  0x03307b04       0x2c /opt/toolchains/gcc-arm-none-eabi-4_9-2015q1/bin/../lib/gcc/arm-none-eabi/4.9.3/../../../../arm-none-eabi/lib/armv7-ar/thumb/libc.a(lib_a-readr.o)
                0x03307b04                _read_r
 .text._wcrtomb_r
                0x03307b30       0x5c /opt/toolchains/gcc-arm-none-eabi-4_9-2015q1/bin/../lib/gcc/arm-none-eabi/4.9.3/../../../../arm-none-eabi/lib/armv7-ar/thumb/libc.a(lib_a-wcrtomb.o)
                0x03307b30                _wcrtomb_r
 .text.__ascii_wctomb
                0x03307b8c       0x18 /opt/toolchains/gcc-arm-none-eabi-4_9-2015q1/bin/../lib/gcc/arm-none-eabi/4.9.3/../../../../arm-none-eabi/lib/armv7-ar/thumb/libc.a(lib_a-wctomb_r.o)
                0x03307b8c                __ascii_wctomb
 .text          0x03307ba4      0x370 /opt/toolchains/gcc-arm-none-eabi-4_9-2015q1/bin/../lib/gcc/arm-none-eabi/4.9.3/armv7-ar/thumb/libgcc.a(_arm_addsubdf3.o)
                0x03307ba4                __aeabi_drsub
                0x03307bac                __aeabi_dsub
                0x03307bac                __subdf3
                0x03307bb0                __adddf3
                0x03307bb0                __aeabi_dadd
                0x03307e28                __aeabi_ui2d
                0x03307e28                __floatunsidf
                0x03307e48                __floatsidf
                0x03307e48                __aeabi_i2d
                0x03307e6c                __extendsfdf2
                0x03307e6c                __aeabi_f2d
                0x03307ea8                __aeabi_ul2d
                0x03307ea8                __floatundidf
                0x03307eb8                __floatdidf
                0x03307eb8                __aeabi_l2d
 .text          0x03307f14      0x424 /opt/toolchains/gcc-arm-none-eabi-4_9-2015q1/bin/../lib/gcc/arm-none-eabi/4.9.3/armv7-ar/thumb/libgcc.a(_arm_muldivdf3.o)
                0x03307f14                __aeabi_dmul
                0x03307f14                __muldf3
                0x03308168                __aeabi_ddiv
                0x03308168                __divdf3
 .text          0x03308338      0x110 /opt/toolchains/gcc-arm-none-eabi-4_9-2015q1/bin/../lib/gcc/arm-none-eabi/4.9.3/armv7-ar/thumb/libgcc.a(_arm_cmpdf2.o)
                0x03308338                __gtdf2
                0x03308338                __gedf2
                0x03308340                __ltdf2
                0x03308340                __ledf2
                0x03308348                __cmpdf2
                0x03308348                __eqdf2
                0x03308348                __nedf2
                0x033083c4                __aeabi_cdrcmple
                0x033083d4                __aeabi_cdcmple
                0x033083d4                __aeabi_cdcmpeq
                0x033083e4                __aeabi_dcmpeq
                0x033083f8                __aeabi_dcmplt
                0x0330840c                __aeabi_dcmple
                0x03308420                __aeabi_dcmpge
                0x03308434                __aeabi_dcmpgt
 .text          0x03308448       0x50 /opt/toolchains/gcc-arm-none-eabi-4_9-2015q1/bin/../lib/gcc/arm-none-eabi/4.9.3/armv7-ar/thumb/libgcc.a(_arm_fixdfsi.o)
                0x03308448                __fixdfsi
                0x03308448                __aeabi_d2iz
 .text          0x03308498       0x30 /opt/toolchains/gcc-arm-none-eabi-4_9-2015q1/bin/../lib/gcc/arm-none-eabi/4.9.3/armv7-ar/thumb/libgcc.a(_aeabi_uldivmod.o)
                0x03308498                __aeabi_uldivmod
 .text          0x033084c8       0x60 /opt/toolchains/gcc-arm-none-eabi-4_9-2015q1/bin/../lib/gcc/arm-none-eabi/4.9.3/armv7-ar/thumb/libgcc.a(bpabi.o)
                0x033084c8                __gnu_ldivmod_helper
                0x033084f8                __gnu_uldivmod_helper
 .text          0x03308528      0x158 /opt/toolchains/gcc-arm-none-eabi-4_9-2015q1/bin/../lib/gcc/arm-none-eabi/4.9.3/armv7-ar/thumb/libgcc.a(_divdi3.o)
                0x03308528                __divdi3
 .text          0x03308680      0x108 /opt/toolchains/gcc-arm-none-eabi-4_9-2015q1/bin/../lib/gcc/arm-none-eabi/4.9.3/armv7-ar/thumb/libgcc.a(_udivdi3.o)
                0x03308680                __udivdi3
 .text._close   0x03308788       0x14 /opt/toolchains/gcc-arm-none-eabi-4_9-2015q1/bin/../lib/gcc/arm-none-eabi/4.9.3/../../../../arm-none-eabi/lib/armv7-ar/thumb/libnosys.a(close.o)
                0x03308788                _close
 .text._fstat   0x0330879c       0x14 /opt/toolchains/gcc-arm-none-eabi-4_9-2015q1/bin/../lib/gcc/arm-none-eabi/4.9.3/../../../../arm-none-eabi/lib/armv7-ar/thumb/libnosys.a(fstat.o)
                0x0330879c                _fstat
 .text._isatty  0x033087b0       0x10 /opt/toolchains/gcc-arm-none-eabi-4_9-2015q1/bin/../lib/gcc/arm-none-eabi/4.9.3/../../../../arm-none-eabi/lib/armv7-ar/thumb/libnosys.a(isatty.o)
                0x033087b0                _isatty
 .text._lseek   0x033087c0       0x14 /opt/toolchains/gcc-arm-none-eabi-4_9-2015q1/bin/../lib/gcc/arm-none-eabi/4.9.3/../../../../arm-none-eabi/lib/armv7-ar/thumb/libnosys.a(lseek.o)
                0x033087c0                _lseek
 .text._read    0x033087d4       0x14 /opt/toolchains/gcc-arm-none-eabi-4_9-2015q1/bin/../lib/gcc/arm-none-eabi/4.9.3/../../../../arm-none-eabi/lib/armv7-ar/thumb/libnosys.a(read.o)
                0x033087d4                _read
 .text._sbrk    0x033087e8       0x20 /opt/toolchains/gcc-arm-none-eabi-4_9-2015q1/bin/../lib/gcc/arm-none-eabi/4.9.3/../../../../arm-none-eabi/lib/armv7-ar/thumb/libnosys.a(sbrk.o)
                0x033087e8                _sbrk
 .text._sbrk.__stub
                0x03308808        0x8 linker stubs
 *(.init)
 *(.fini)
 *crtbegin.o(.ctors)
 *crtbegin?.o(.ctors)
 *(EXCLUDE_FILE(*crtend.o *crtend?.o) .ctors)
 *(SORT(.ctors.*))
 *(.ctors)
 *crtbegin.o(.dtors)
 *crtbegin?.o(.dtors)
 *(EXCLUDE_FILE(*crtend.o *crtend?.o) .dtors)
 *(SORT(.dtors.*))
 *(.dtors)
 *(.rodata*)
 .rodata.__FUNCTION__.6354
                0x03308810       0x11 /home/tienluong/workspace/atlantis_fw/Output/build/AsicFwS1/hal_com.o
 .rodata.__FUNCTION__.6351
                0x03308821        0xe /home/tienluong/workspace/atlantis_fw/Output/build/AsicFwS1/hal_gpio.o
 .rodata.__FUNCTION__.6361
                0x0330882f       0x12 /home/tienluong/workspace/atlantis_fw/Output/build/AsicFwS1/hal_gpio.o
 .rodata.__FUNCTION__.6356
                0x03308841       0x11 /home/tienluong/workspace/atlantis_fw/Output/build/AsicFwS1/hal_gpio.o
 .rodata.__FUNCTION__.6258
                0x03308852        0xf /home/tienluong/workspace/atlantis_fw/Output/build/AsicFwS1/hal_vic.o
 .rodata.__FUNCTION__.6268
                0x03308861       0x11 /home/tienluong/workspace/atlantis_fw/Output/build/AsicFwS1/hal_vic.o
 .rodata.__FUNCTION__.6282
                0x03308872       0x15 /home/tienluong/workspace/atlantis_fw/Output/build/AsicFwS1/hal_vic.o
 .rodata.__FUNCTION__.6334
                0x03308887        0xd /home/tienluong/workspace/atlantis_fw/Output/build/AsicFwS1/hal_qspi.o
 .rodata.__FUNCTION__.6339
                0x03308894        0xa /home/tienluong/workspace/atlantis_fw/Output/build/AsicFwS1/hal_qspi.o
 .rodata.__FUNCTION__.6409
                0x0330889e       0x11 /home/tienluong/workspace/atlantis_fw/Output/build/AsicFwS1/hal_pwm.o
 .rodata.__FUNCTION__.6370
                0x033088af        0xd /home/tienluong/workspace/atlantis_fw/Output/build/AsicFwS1/hal_pwm.o
 .rodata.__FUNCTION__.6415
                0x033088bc       0x10 /home/tienluong/workspace/atlantis_fw/Output/build/AsicFwS1/hal_pwm.o
 .rodata        0x033088cc       0x30 /home/tienluong/workspace/atlantis_fw/Output/build/AsicFwS1/hal_ddr.o
 .rodata.str1.1
                0x033088fc       0xd0 /home/tienluong/workspace/atlantis_fw/Output/build/AsicFwS1/hal_ddr.o
 .rodata.__FUNCTION__.6395
                0x033089cc        0x9 /home/tienluong/workspace/atlantis_fw/Output/build/AsicFwS1/flash.o
 .rodata.str1.1
                0x033089d5       0x10 /home/tienluong/workspace/atlantis_fw/Output/build/AsicFwS1/assert.o
 .rodata.__FUNCTION__.6177
                0x033089e5        0xe /home/tienluong/workspace/atlantis_fw/Output/build/AsicFwS1/assert.o
 *fill*         0x033089f3        0x1 
 .rodata.qspi_ctrl
                0x033089f4        0xc /home/tienluong/workspace/atlantis_fw/Output/build/AsicFwS1/main.o
 .rodata.str1.1
                0x03308a00      0x160 /home/tienluong/workspace/atlantis_fw/Output/build/AsicFwS1/main.o
 .rodata.str1.4
                0x03308b60        0x2 /opt/toolchains/gcc-arm-none-eabi-4_9-2015q1/bin/../lib/gcc/arm-none-eabi/4.9.3/../../../../arm-none-eabi/lib/armv7-ar/thumb/libc.a(lib_a-puts.o)
                                  0x4 (size before relaxing)
 *fill*         0x03308b62        0x2 
 .rodata.zeroes.6931
                0x03308b64       0x10 /opt/toolchains/gcc-arm-none-eabi-4_9-2015q1/bin/../lib/gcc/arm-none-eabi/4.9.3/../../../../arm-none-eabi/lib/armv7-ar/thumb/libc.a(lib_a-vfprintf.o)
 .rodata.str1.4
                0x03308b74       0x42 /opt/toolchains/gcc-arm-none-eabi-4_9-2015q1/bin/../lib/gcc/arm-none-eabi/4.9.3/../../../../arm-none-eabi/lib/armv7-ar/thumb/libc.a(lib_a-vfprintf.o)
                                 0x44 (size before relaxing)
 *fill*         0x03308bb6        0x2 
 .rodata.blanks.6930
                0x03308bb8       0x10 /opt/toolchains/gcc-arm-none-eabi-4_9-2015q1/bin/../lib/gcc/arm-none-eabi/4.9.3/../../../../arm-none-eabi/lib/armv7-ar/thumb/libc.a(lib_a-vfprintf.o)
 .rodata.str1.4
                0x03308bc8       0x10 /opt/toolchains/gcc-arm-none-eabi-4_9-2015q1/bin/../lib/gcc/arm-none-eabi/4.9.3/../../../../arm-none-eabi/lib/armv7-ar/thumb/libc.a(lib_a-dtoa.o)
                                 0x14 (size before relaxing)
 .rodata.str1.4
                0x03308bd8        0x2 /opt/toolchains/gcc-arm-none-eabi-4_9-2015q1/bin/../lib/gcc/arm-none-eabi/4.9.3/../../../../arm-none-eabi/lib/armv7-ar/thumb/libc.a(lib_a-impure.o)
                                  0x4 (size before relaxing)
 *fill*         0x03308bda        0x2 
 .rodata.str1.4
                0x03308bdc        0xc /opt/toolchains/gcc-arm-none-eabi-4_9-2015q1/bin/../lib/gcc/arm-none-eabi/4.9.3/../../../../arm-none-eabi/lib/armv7-ar/thumb/libc.a(lib_a-locale.o)
                                 0x14 (size before relaxing)
 .rodata.p05.5296
                0x03308be8        0xc /opt/toolchains/gcc-arm-none-eabi-4_9-2015q1/bin/../lib/gcc/arm-none-eabi/4.9.3/../../../../arm-none-eabi/lib/armv7-ar/thumb/libc.a(lib_a-mprec.o)
 *fill*         0x03308bf4        0x4 
 .rodata.__mprec_tens
                0x03308bf8       0xc8 /opt/toolchains/gcc-arm-none-eabi-4_9-2015q1/bin/../lib/gcc/arm-none-eabi/4.9.3/../../../../arm-none-eabi/lib/armv7-ar/thumb/libc.a(lib_a-mprec.o)
                0x03308bf8                __mprec_tens
 .rodata.__mprec_bigtens
                0x03308cc0       0x28 /opt/toolchains/gcc-arm-none-eabi-4_9-2015q1/bin/../lib/gcc/arm-none-eabi/4.9.3/../../../../arm-none-eabi/lib/armv7-ar/thumb/libc.a(lib_a-mprec.o)
                0x03308cc0                __mprec_bigtens
 *(.eh_frame*)
 .eh_frame      0x03308ce8        0x0 /opt/toolchains/gcc-arm-none-eabi-4_9-2015q1/bin/../lib/gcc/arm-none-eabi/4.9.3/../../../../arm-none-eabi/lib/armv7-ar/thumb/libc.a(lib_a-strcmp.o)
                                 0x38 (size before relaxing)
                0x03308ce8                __etext = .

.glue_7         0x03308ce8        0x0
 .glue_7        0x00000000        0x0 linker stubs

.glue_7t        0x03308ce8        0x0
 .glue_7t       0x00000000        0x0 linker stubs

.vfp11_veneer   0x03308ce8        0x0
 .vfp11_veneer  0x00000000        0x0 linker stubs

.v4_bx          0x03308ce8        0x0
 .v4_bx         0x00000000        0x0 linker stubs

.iplt           0x03308ce8        0x0
 .iplt          0x00000000        0x0 /home/tienluong/workspace/atlantis_fw/Output/build/AsicFwS1/armv7_start.o

.rel.dyn        0x03308ce8        0x0
 .rel.iplt      0x00000000        0x0 /home/tienluong/workspace/atlantis_fw/Output/build/AsicFwS1/armv7_start.o

.rodata         0x03308ce8      0xa08
                0x03308ce8                _rodata_start = .
 *(.rodata)
 *(.rodata.*)
                0x03308ce8                . = ALIGN (0x8)
                0x03308ce8                _start_data_rom = .
 *(.data)
 *(.data.*)
 .data.uart_configs
                0x03308ce8        0x8 /home/tienluong/workspace/atlantis_fw/Output/build/AsicFwS1/hal_com.o
 .data.timer_configs
                0x03308cf0       0x60 /home/tienluong/workspace/atlantis_fw/Output/build/AsicFwS1/hal_timer.o
 .data.hw_pwm   0x03308d50       0xc0 /home/tienluong/workspace/atlantis_fw/Output/build/AsicFwS1/hal_pwm.o
 .data.DXDQSTR  0x03308e10       0x20 /home/tienluong/workspace/atlantis_fw/Output/build/AsicFwS1/hal_ddr.o
 .data.timer_stamp
                0x03308e30       0x10 /home/tienluong/workspace/atlantis_fw/Output/build/AsicFwS1/timestamp.o
 .data.uart     0x03308e40       0x10 /home/tienluong/workspace/atlantis_fw/Output/build/AsicFwS1/main.o
 .data.impure_data
                0x03308e50      0x428 /opt/toolchains/gcc-arm-none-eabi-4_9-2015q1/bin/../lib/gcc/arm-none-eabi/4.9.3/../../../../arm-none-eabi/lib/armv7-ar/thumb/libc.a(lib_a-impure.o)
 .data._impure_ptr
                0x03309278        0x4 /opt/toolchains/gcc-arm-none-eabi-4_9-2015q1/bin/../lib/gcc/arm-none-eabi/4.9.3/../../../../arm-none-eabi/lib/armv7-ar/thumb/libc.a(lib_a-impure.o)
                0x03309278                _impure_ptr
 .data.lconv    0x0330927c       0x38 /opt/toolchains/gcc-arm-none-eabi-4_9-2015q1/bin/../lib/gcc/arm-none-eabi/4.9.3/../../../../arm-none-eabi/lib/armv7-ar/thumb/libc.a(lib_a-locale.o)
 .data.lc_ctype_charset
                0x033092b4       0x20 /opt/toolchains/gcc-arm-none-eabi-4_9-2015q1/bin/../lib/gcc/arm-none-eabi/4.9.3/../../../../arm-none-eabi/lib/armv7-ar/thumb/libc.a(lib_a-locale.o)
 .data.__mb_cur_max
                0x033092d4        0x4 /opt/toolchains/gcc-arm-none-eabi-4_9-2015q1/bin/../lib/gcc/arm-none-eabi/4.9.3/../../../../arm-none-eabi/lib/armv7-ar/thumb/libc.a(lib_a-locale.o)
                0x033092d4                __mb_cur_max
 .data.__malloc_av_
                0x033092d8      0x408 /opt/toolchains/gcc-arm-none-eabi-4_9-2015q1/bin/../lib/gcc/arm-none-eabi/4.9.3/../../../../arm-none-eabi/lib/armv7-ar/thumb/libc.a(lib_a-mallocr.o)
                0x033092d8                __malloc_av_
 .data.__malloc_trim_threshold
                0x033096e0        0x4 /opt/toolchains/gcc-arm-none-eabi-4_9-2015q1/bin/../lib/gcc/arm-none-eabi/4.9.3/../../../../arm-none-eabi/lib/armv7-ar/thumb/libc.a(lib_a-mallocr.o)
                0x033096e0                __malloc_trim_threshold
 .data.__malloc_sbrk_base
                0x033096e4        0x4 /opt/toolchains/gcc-arm-none-eabi-4_9-2015q1/bin/../lib/gcc/arm-none-eabi/4.9.3/../../../../arm-none-eabi/lib/armv7-ar/thumb/libc.a(lib_a-mallocr.o)
                0x033096e4                __malloc_sbrk_base
 .data.__wctomb
                0x033096e8        0x4 /opt/toolchains/gcc-arm-none-eabi-4_9-2015q1/bin/../lib/gcc/arm-none-eabi/4.9.3/../../../../arm-none-eabi/lib/armv7-ar/thumb/libc.a(lib_a-wctomb_r.o)
                0x033096e8                __wctomb
                0x033096ec                _end_data_rom = .
 *(.got.plt)
 *(.got)
                0x033096f0                . = ALIGN (0x8)
 *fill*         0x033096ec        0x4 
                0x033096f0                _rodata_end = .
                0x033096f0                PROVIDE (end, .)
                0x00000a04                _sram_data_size = (_end_data_rom - _start_data_rom)

.ARM.exidx      0x033096f0        0x8
 .ARM.exidx     0x033096f0        0x8 /opt/toolchains/gcc-arm-none-eabi-4_9-2015q1/bin/../lib/gcc/arm-none-eabi/4.9.3/armv7-ar/thumb/libgcc.a(_divdi3.o)
 .ARM.exidx     0x033096f8        0x0 /opt/toolchains/gcc-arm-none-eabi-4_9-2015q1/bin/../lib/gcc/arm-none-eabi/4.9.3/armv7-ar/thumb/libgcc.a(_udivdi3.o)
                                  0x8 (size before relaxing)

.data           0x03400000      0xa04 load address 0x03308ce8
                0x03400000                __data_start__ = .
                0x03400000                _start_data_sram = .
                0x03400a04                . = (. + _sram_data_size)
 *fill*         0x03400000      0xa04 
                0x03400a04                . = ALIGN (0x4)
                0x03400a04                PROVIDE (__preinit_array_start, .)
 *(.preinit_array)
                0x03400a04                PROVIDE (__preinit_array_end, .)
                0x03400a04                . = ALIGN (0x4)
                0x03400a04                PROVIDE (__init_array_start, .)
 *(SORT(.init_array.*))
 *(.init_array)
                0x03400a04                PROVIDE (__init_array_end, .)
                0x03400a04                . = ALIGN (0x4)
                0x03400a04                PROVIDE (__fini_array_start, .)
 *(SORT(.fini_array.*))
 *(.fini_array)
                0x03400a04                PROVIDE (__fini_array_end, .)
                0x03400a04                __data_end__ = .

.igot.plt       0x03400a04        0x0 load address 0x033096ec
 .igot.plt      0x00000000        0x0 /home/tienluong/workspace/atlantis_fw/Output/build/AsicFwS1/armv7_start.o

.bss            0x03400a04      0x468
                0x03400a04                __bss_start__ = .
 *(.bss)
 *(.bss.**)
 .bss.intr_int_flag
                0x03400a04        0x1 /home/tienluong/workspace/atlantis_fw/Output/build/AsicFwS1/hal_timer.o
 *fill*         0x03400a05        0x3 
 .bss.vic_isr   0x03400a08       0xd0 /home/tienluong/workspace/atlantis_fw/Output/build/AsicFwS1/hal_vic.o
 .bss.vic_init_flag
                0x03400ad8        0x1 /home/tienluong/workspace/atlantis_fw/Output/build/AsicFwS1/hal_vic.o
 .bss.usart_data
                0x03400ad9        0x1 /home/tienluong/workspace/atlantis_fw/Output/build/AsicFwS1/main.o
 *fill*         0x03400ada        0x2 
 .bss.__malloc_max_total_mem
                0x03400adc        0x4 /opt/toolchains/gcc-arm-none-eabi-4_9-2015q1/bin/../lib/gcc/arm-none-eabi/4.9.3/../../../../arm-none-eabi/lib/armv7-ar/thumb/libc.a(lib_a-mallocr.o)
                0x03400adc                __malloc_max_total_mem
 .bss.__malloc_max_sbrked_mem
                0x03400ae0        0x4 /opt/toolchains/gcc-arm-none-eabi-4_9-2015q1/bin/../lib/gcc/arm-none-eabi/4.9.3/../../../../arm-none-eabi/lib/armv7-ar/thumb/libc.a(lib_a-mallocr.o)
                0x03400ae0                __malloc_max_sbrked_mem
 .bss.__malloc_top_pad
                0x03400ae4        0x4 /opt/toolchains/gcc-arm-none-eabi-4_9-2015q1/bin/../lib/gcc/arm-none-eabi/4.9.3/../../../../arm-none-eabi/lib/armv7-ar/thumb/libc.a(lib_a-mallocr.o)
                0x03400ae4                __malloc_top_pad
 .bss.__malloc_current_mallinfo
                0x03400ae8       0x28 /opt/toolchains/gcc-arm-none-eabi-4_9-2015q1/bin/../lib/gcc/arm-none-eabi/4.9.3/../../../../arm-none-eabi/lib/armv7-ar/thumb/libc.a(lib_a-mallocr.o)
                0x03400ae8                __malloc_current_mallinfo
 .bss.heap_end.4079
                0x03400b10        0x4 /opt/toolchains/gcc-arm-none-eabi-4_9-2015q1/bin/../lib/gcc/arm-none-eabi/4.9.3/../../../../arm-none-eabi/lib/armv7-ar/thumb/libnosys.a(sbrk.o)
 *(COMMON)
 COMMON         0x03400b14      0x300 /home/tienluong/workspace/atlantis_fw/Output/build/AsicFwS1/hal_ddr.o
                0x03400b14                ddr_rdata_for_training
 COMMON         0x03400e14       0x50 /home/tienluong/workspace/atlantis_fw/Output/build/AsicFwS1/flash.o
                0x03400e14                qspi_transfer_cmd
 COMMON         0x03400e64        0x4 /home/tienluong/workspace/atlantis_fw/Output/build/AsicFwS1/main.o
                0x03400e64                src_addr
 COMMON         0x03400e68        0x4 /opt/toolchains/gcc-arm-none-eabi-4_9-2015q1/bin/../lib/gcc/arm-none-eabi/4.9.3/../../../../arm-none-eabi/lib/armv7-ar/thumb/libc.a(lib_a-reent.o)
                0x03400e68                errno
                0x03400e6c                __bss_end__ = .
                0x03400e6c                end = .

.heap           0x03400a04     0x1004 load address 0x033096ec
                0x03400a04                heap_start = .
                0x03400a08                . = ALIGN (0x8)
 *fill*         0x03400a04        0x4 
 *(.heap_stack)
                0x03401a08                . = (. + HEAP_STACK_SIZE)
 *fill*         0x03400a08     0x1000 
                0x03401a08                heap_end = .

.sys_stack      0x03400e6c     0x1504 load address 0x03309b54
                0x03400e6c                sys_stack_start = .
                0x03400e70                . = ALIGN (0x8)
 *fill*         0x03400e6c        0x4 
 *(.sys_stack)
                0x03402370                . = (. + SYS_STACK_SIZE)
 *fill*         0x03400e70     0x1500 
                0x03402370                sys_stack_end = .

.svc_stack      0x03402370      0x200 load address 0x0330b058
                0x03402370                svc_stack_start = .
                0x03402370                . = ALIGN (0x8)
 *(.svc_stack)
                0x03402570                . = (. + SVC_STACK_SIZE)
 *fill*         0x03402370      0x200 
                0x03402570                svc_stack_end = .

.irq_stack      0x03402570      0x200 load address 0x0330b258
                0x03402570                irq_stack_start = .
                0x03402570                . = ALIGN (0x8)
 *(.irq_stack)
                0x03402770                . = (. + IRQ_STACK_SIZE)
 *fill*         0x03402570      0x200 
                0x03402770                irq_stack_end = .

.fiq_stack      0x03402770      0x200 load address 0x0330b458
                0x03402770                fiq_stack_start = .
                0x03402770                . = ALIGN (0x8)
 *(.fiq_stack)
                0x03402970                . = (. + FIQ_STACK_SIZE)
 *fill*         0x03402770      0x200 
                0x03402970                fiq_stack_end = .

.und_stack      0x03402970      0x200 load address 0x0330b658
                0x03402970                und_stack_start = .
                0x03402970                . = ALIGN (0x8)
 *(.und_stack)
                0x03402b70                . = (. + UND_STACK_SIZE)
 *fill*         0x03402970      0x200 
                0x03402b70                und_stack_end = .

.abt_stack      0x03402b70      0x200 load address 0x0330b858
                0x03402b70                abt_stack_start = .
                0x03402b70                . = ALIGN (0x8)
 *(.abt_stack)
                0x03402d70                . = (. + ABT_STACK_SIZE)
 *fill*         0x03402b70      0x200 
                0x03402d70                abt_stack_end = .

/DISCARD/
 libgcc.a()
 libg.a()
 libc.a()
 libm.a()
 libnosys.a()
OUTPUT(/home/tienluong/workspace/atlantis_fw/Output/build/AsicFwS1/AsicFwS1.elf elf32-littlearm)

.ARM.attributes
                0x00000000       0x33
 .ARM.attributes
                0x00000000       0x25 /home/tienluong/workspace/atlantis_fw/Output/build/AsicFwS1/armv7_start.o
 .ARM.attributes
                0x00000025       0x1f /home/tienluong/workspace/atlantis_fw/Output/build/AsicFwS1/jump.o
 .ARM.attributes
                0x00000044       0x25 /home/tienluong/workspace/atlantis_fw/Output/build/AsicFwS1/int_vectors.o
 .ARM.attributes
                0x00000069       0x25 /home/tienluong/workspace/atlantis_fw/Output/build/AsicFwS1/reset_handler.o
 .ARM.attributes
                0x0000008e       0x35 /home/tienluong/workspace/atlantis_fw/Output/build/AsicFwS1/startup.o
 .ARM.attributes
                0x000000c3       0x35 /home/tienluong/workspace/atlantis_fw/Output/build/AsicFwS1/hal_com.o
 .ARM.attributes
                0x000000f8       0x35 /home/tienluong/workspace/atlantis_fw/Output/build/AsicFwS1/hal_gpio.o
 .ARM.attributes
                0x0000012d       0x35 /home/tienluong/workspace/atlantis_fw/Output/build/AsicFwS1/hal_timer.o
 .ARM.attributes
                0x00000162       0x35 /home/tienluong/workspace/atlantis_fw/Output/build/AsicFwS1/hal_vic.o
 .ARM.attributes
                0x00000197       0x35 /home/tienluong/workspace/atlantis_fw/Output/build/AsicFwS1/hal_qspi.o
 .ARM.attributes
                0x000001cc       0x35 /home/tienluong/workspace/atlantis_fw/Output/build/AsicFwS1/hal_pwm.o
 .ARM.attributes
                0x00000201       0x35 /home/tienluong/workspace/atlantis_fw/Output/build/AsicFwS1/hal_cache.o
 .ARM.attributes
                0x00000236       0x35 /home/tienluong/workspace/atlantis_fw/Output/build/AsicFwS1/hal_ddr.o
 .ARM.attributes
                0x0000026b       0x35 /home/tienluong/workspace/atlantis_fw/Output/build/AsicFwS1/flash.o
 .ARM.attributes
                0x000002a0       0x35 /home/tienluong/workspace/atlantis_fw/Output/build/AsicFwS1/timestamp.o
 .ARM.attributes
                0x000002d5       0x35 /home/tienluong/workspace/atlantis_fw/Output/build/AsicFwS1/assert.o
 .ARM.attributes
                0x0000030a       0x35 /home/tienluong/workspace/atlantis_fw/Output/build/AsicFwS1/main.o
 .ARM.attributes
                0x0000033f       0x35 /home/tienluong/workspace/atlantis_fw/Output/build/AsicFwS1/timer_s1.o
 .ARM.attributes
                0x00000374       0x19 /opt/toolchains/gcc-arm-none-eabi-4_9-2015q1/bin/../lib/gcc/arm-none-eabi/4.9.3/armv7-ar/thumb/libgcc.a(_udivsi3.o)
 .ARM.attributes
                0x0000038d       0x19 /opt/toolchains/gcc-arm-none-eabi-4_9-2015q1/bin/../lib/gcc/arm-none-eabi/4.9.3/armv7-ar/thumb/libgcc.a(_divsi3.o)
 .ARM.attributes
                0x000003a6       0x19 /opt/toolchains/gcc-arm-none-eabi-4_9-2015q1/bin/../lib/gcc/arm-none-eabi/4.9.3/armv7-ar/thumb/libgcc.a(_dvmd_tls.o)
 .ARM.attributes
                0x000003bf       0x29 /opt/toolchains/gcc-arm-none-eabi-4_9-2015q1/bin/../lib/gcc/arm-none-eabi/4.9.3/../../../../arm-none-eabi/lib/armv7-ar/thumb/libc.a(lib_a-memcpy.o)
 .ARM.attributes
                0x000003e8       0x29 /opt/toolchains/gcc-arm-none-eabi-4_9-2015q1/bin/../lib/gcc/arm-none-eabi/4.9.3/../../../../arm-none-eabi/lib/armv7-ar/thumb/libc.a(lib_a-memset.o)
 .ARM.attributes
                0x00000411       0x29 /opt/toolchains/gcc-arm-none-eabi-4_9-2015q1/bin/../lib/gcc/arm-none-eabi/4.9.3/../../../../arm-none-eabi/lib/armv7-ar/thumb/libc.a(lib_a-printf.o)
 .ARM.attributes
                0x0000043a       0x29 /opt/toolchains/gcc-arm-none-eabi-4_9-2015q1/bin/../lib/gcc/arm-none-eabi/4.9.3/../../../../arm-none-eabi/lib/armv7-ar/thumb/libc.a(lib_a-putchar.o)
 .ARM.attributes
                0x00000463       0x29 /opt/toolchains/gcc-arm-none-eabi-4_9-2015q1/bin/../lib/gcc/arm-none-eabi/4.9.3/../../../../arm-none-eabi/lib/armv7-ar/thumb/libc.a(lib_a-puts.o)
 .ARM.attributes
                0x0000048c       0x29 /opt/toolchains/gcc-arm-none-eabi-4_9-2015q1/bin/../lib/gcc/arm-none-eabi/4.9.3/../../../../arm-none-eabi/lib/armv7-ar/thumb/libc.a(lib_a-strlen.o)
 .ARM.attributes
                0x000004b5       0x29 /opt/toolchains/gcc-arm-none-eabi-4_9-2015q1/bin/../lib/gcc/arm-none-eabi/4.9.3/../../../../arm-none-eabi/lib/armv7-ar/thumb/libc.a(lib_a-vfprintf.o)
 .ARM.attributes
                0x000004de       0x29 /opt/toolchains/gcc-arm-none-eabi-4_9-2015q1/bin/../lib/gcc/arm-none-eabi/4.9.3/../../../../arm-none-eabi/lib/armv7-ar/thumb/libc.a(lib_a-wsetup.o)
 .ARM.attributes
                0x00000507       0x29 /opt/toolchains/gcc-arm-none-eabi-4_9-2015q1/bin/../lib/gcc/arm-none-eabi/4.9.3/../../../../arm-none-eabi/lib/armv7-ar/thumb/libc.a(lib_a-dtoa.o)
 .ARM.attributes
                0x00000530       0x29 /opt/toolchains/gcc-arm-none-eabi-4_9-2015q1/bin/../lib/gcc/arm-none-eabi/4.9.3/../../../../arm-none-eabi/lib/armv7-ar/thumb/libc.a(lib_a-fflush.o)
 .ARM.attributes
                0x00000559       0x29 /opt/toolchains/gcc-arm-none-eabi-4_9-2015q1/bin/../lib/gcc/arm-none-eabi/4.9.3/../../../../arm-none-eabi/lib/armv7-ar/thumb/libc.a(lib_a-findfp.o)
 .ARM.attributes
                0x00000582       0x29 /opt/toolchains/gcc-arm-none-eabi-4_9-2015q1/bin/../lib/gcc/arm-none-eabi/4.9.3/../../../../arm-none-eabi/lib/armv7-ar/thumb/libc.a(lib_a-freer.o)
 .ARM.attributes
                0x000005ab       0x29 /opt/toolchains/gcc-arm-none-eabi-4_9-2015q1/bin/../lib/gcc/arm-none-eabi/4.9.3/../../../../arm-none-eabi/lib/armv7-ar/thumb/libc.a(lib_a-fvwrite.o)
 .ARM.attributes
                0x000005d4       0x29 /opt/toolchains/gcc-arm-none-eabi-4_9-2015q1/bin/../lib/gcc/arm-none-eabi/4.9.3/../../../../arm-none-eabi/lib/armv7-ar/thumb/libc.a(lib_a-fwalk.o)
 .ARM.attributes
                0x000005fd       0x29 /opt/toolchains/gcc-arm-none-eabi-4_9-2015q1/bin/../lib/gcc/arm-none-eabi/4.9.3/../../../../arm-none-eabi/lib/armv7-ar/thumb/libc.a(lib_a-impure.o)
 .ARM.attributes
                0x00000626       0x29 /opt/toolchains/gcc-arm-none-eabi-4_9-2015q1/bin/../lib/gcc/arm-none-eabi/4.9.3/../../../../arm-none-eabi/lib/armv7-ar/thumb/libc.a(lib_a-locale.o)
 .ARM.attributes
                0x0000064f       0x29 /opt/toolchains/gcc-arm-none-eabi-4_9-2015q1/bin/../lib/gcc/arm-none-eabi/4.9.3/../../../../arm-none-eabi/lib/armv7-ar/thumb/libc.a(lib_a-makebuf.o)
 .ARM.attributes
                0x00000678       0x29 /opt/toolchains/gcc-arm-none-eabi-4_9-2015q1/bin/../lib/gcc/arm-none-eabi/4.9.3/../../../../arm-none-eabi/lib/armv7-ar/thumb/libc.a(lib_a-mallocr.o)
 .ARM.attributes
                0x000006a1       0x29 /opt/toolchains/gcc-arm-none-eabi-4_9-2015q1/bin/../lib/gcc/arm-none-eabi/4.9.3/../../../../arm-none-eabi/lib/armv7-ar/thumb/libc.a(lib_a-memchr.o)
 .ARM.attributes
                0x000006ca       0x29 /opt/toolchains/gcc-arm-none-eabi-4_9-2015q1/bin/../lib/gcc/arm-none-eabi/4.9.3/../../../../arm-none-eabi/lib/armv7-ar/thumb/libc.a(lib_a-memmove.o)
 .ARM.attributes
                0x000006f3       0x29 /opt/toolchains/gcc-arm-none-eabi-4_9-2015q1/bin/../lib/gcc/arm-none-eabi/4.9.3/../../../../arm-none-eabi/lib/armv7-ar/thumb/libc.a(lib_a-mlock.o)
 .ARM.attributes
                0x0000071c       0x29 /opt/toolchains/gcc-arm-none-eabi-4_9-2015q1/bin/../lib/gcc/arm-none-eabi/4.9.3/../../../../arm-none-eabi/lib/armv7-ar/thumb/libc.a(lib_a-mprec.o)
 .ARM.attributes
                0x00000745       0x29 /opt/toolchains/gcc-arm-none-eabi-4_9-2015q1/bin/../lib/gcc/arm-none-eabi/4.9.3/../../../../arm-none-eabi/lib/armv7-ar/thumb/libc.a(lib_a-putc.o)
 .ARM.attributes
                0x0000076e       0x29 /opt/toolchains/gcc-arm-none-eabi-4_9-2015q1/bin/../lib/gcc/arm-none-eabi/4.9.3/../../../../arm-none-eabi/lib/armv7-ar/thumb/libc.a(lib_a-reallocr.o)
 .ARM.attributes
                0x00000797       0x29 /opt/toolchains/gcc-arm-none-eabi-4_9-2015q1/bin/../lib/gcc/arm-none-eabi/4.9.3/../../../../arm-none-eabi/lib/armv7-ar/thumb/libc.a(lib_a-s_fpclassify.o)
 .ARM.attributes
                0x000007c0       0x29 /opt/toolchains/gcc-arm-none-eabi-4_9-2015q1/bin/../lib/gcc/arm-none-eabi/4.9.3/../../../../arm-none-eabi/lib/armv7-ar/thumb/libc.a(lib_a-sbrkr.o)
 .ARM.attributes
                0x000007e9       0x29 /opt/toolchains/gcc-arm-none-eabi-4_9-2015q1/bin/../lib/gcc/arm-none-eabi/4.9.3/../../../../arm-none-eabi/lib/armv7-ar/thumb/libc.a(lib_a-stdio.o)
 .ARM.attributes
                0x00000812       0x17 /opt/toolchains/gcc-arm-none-eabi-4_9-2015q1/bin/../lib/gcc/arm-none-eabi/4.9.3/../../../../arm-none-eabi/lib/armv7-ar/thumb/libc.a(lib_a-strcmp.o)
 .ARM.attributes
                0x00000829       0x29 /opt/toolchains/gcc-arm-none-eabi-4_9-2015q1/bin/../lib/gcc/arm-none-eabi/4.9.3/../../../../arm-none-eabi/lib/armv7-ar/thumb/libc.a(lib_a-vfiprintf.o)
 .ARM.attributes
                0x00000852       0x29 /opt/toolchains/gcc-arm-none-eabi-4_9-2015q1/bin/../lib/gcc/arm-none-eabi/4.9.3/../../../../arm-none-eabi/lib/armv7-ar/thumb/libc.a(lib_a-wbuf.o)
 .ARM.attributes
                0x0000087b       0x29 /opt/toolchains/gcc-arm-none-eabi-4_9-2015q1/bin/../lib/gcc/arm-none-eabi/4.9.3/../../../../arm-none-eabi/lib/armv7-ar/thumb/libc.a(lib_a-writer.o)
 .ARM.attributes
                0x000008a4       0x29 /opt/toolchains/gcc-arm-none-eabi-4_9-2015q1/bin/../lib/gcc/arm-none-eabi/4.9.3/../../../../arm-none-eabi/lib/armv7-ar/thumb/libc.a(lib_a-callocr.o)
 .ARM.attributes
                0x000008cd       0x29 /opt/toolchains/gcc-arm-none-eabi-4_9-2015q1/bin/../lib/gcc/arm-none-eabi/4.9.3/../../../../arm-none-eabi/lib/armv7-ar/thumb/libc.a(lib_a-closer.o)
 .ARM.attributes
                0x000008f6       0x29 /opt/toolchains/gcc-arm-none-eabi-4_9-2015q1/bin/../lib/gcc/arm-none-eabi/4.9.3/../../../../arm-none-eabi/lib/armv7-ar/thumb/libc.a(lib_a-fclose.o)
 .ARM.attributes
                0x0000091f       0x29 /opt/toolchains/gcc-arm-none-eabi-4_9-2015q1/bin/../lib/gcc/arm-none-eabi/4.9.3/../../../../arm-none-eabi/lib/armv7-ar/thumb/libc.a(lib_a-fputwc.o)
 .ARM.attributes
                0x00000948       0x29 /opt/toolchains/gcc-arm-none-eabi-4_9-2015q1/bin/../lib/gcc/arm-none-eabi/4.9.3/../../../../arm-none-eabi/lib/armv7-ar/thumb/libc.a(lib_a-fstatr.o)
 .ARM.attributes
                0x00000971       0x29 /opt/toolchains/gcc-arm-none-eabi-4_9-2015q1/bin/../lib/gcc/arm-none-eabi/4.9.3/../../../../arm-none-eabi/lib/armv7-ar/thumb/libc.a(lib_a-isattyr.o)
 .ARM.attributes
                0x0000099a       0x29 /opt/toolchains/gcc-arm-none-eabi-4_9-2015q1/bin/../lib/gcc/arm-none-eabi/4.9.3/../../../../arm-none-eabi/lib/armv7-ar/thumb/libc.a(lib_a-lseekr.o)
 .ARM.attributes
                0x000009c3       0x29 /opt/toolchains/gcc-arm-none-eabi-4_9-2015q1/bin/../lib/gcc/arm-none-eabi/4.9.3/../../../../arm-none-eabi/lib/armv7-ar/thumb/libc.a(lib_a-readr.o)
 .ARM.attributes
                0x000009ec       0x29 /opt/toolchains/gcc-arm-none-eabi-4_9-2015q1/bin/../lib/gcc/arm-none-eabi/4.9.3/../../../../arm-none-eabi/lib/armv7-ar/thumb/libc.a(lib_a-reent.o)
 .ARM.attributes
                0x00000a15       0x29 /opt/toolchains/gcc-arm-none-eabi-4_9-2015q1/bin/../lib/gcc/arm-none-eabi/4.9.3/../../../../arm-none-eabi/lib/armv7-ar/thumb/libc.a(lib_a-wcrtomb.o)
 .ARM.attributes
                0x00000a3e       0x29 /opt/toolchains/gcc-arm-none-eabi-4_9-2015q1/bin/../lib/gcc/arm-none-eabi/4.9.3/../../../../arm-none-eabi/lib/armv7-ar/thumb/libc.a(lib_a-wctomb_r.o)
 .ARM.attributes
                0x00000a67       0x19 /opt/toolchains/gcc-arm-none-eabi-4_9-2015q1/bin/../lib/gcc/arm-none-eabi/4.9.3/armv7-ar/thumb/libgcc.a(_arm_addsubdf3.o)
 .ARM.attributes
                0x00000a80       0x19 /opt/toolchains/gcc-arm-none-eabi-4_9-2015q1/bin/../lib/gcc/arm-none-eabi/4.9.3/armv7-ar/thumb/libgcc.a(_arm_muldivdf3.o)
 .ARM.attributes
                0x00000a99       0x19 /opt/toolchains/gcc-arm-none-eabi-4_9-2015q1/bin/../lib/gcc/arm-none-eabi/4.9.3/armv7-ar/thumb/libgcc.a(_arm_cmpdf2.o)
 .ARM.attributes
                0x00000ab2       0x19 /opt/toolchains/gcc-arm-none-eabi-4_9-2015q1/bin/../lib/gcc/arm-none-eabi/4.9.3/armv7-ar/thumb/libgcc.a(_arm_fixdfsi.o)
 .ARM.attributes
                0x00000acb       0x19 /opt/toolchains/gcc-arm-none-eabi-4_9-2015q1/bin/../lib/gcc/arm-none-eabi/4.9.3/armv7-ar/thumb/libgcc.a(_aeabi_uldivmod.o)
 .ARM.attributes
                0x00000ae4       0x29 /opt/toolchains/gcc-arm-none-eabi-4_9-2015q1/bin/../lib/gcc/arm-none-eabi/4.9.3/armv7-ar/thumb/libgcc.a(bpabi.o)
 .ARM.attributes
                0x00000b0d       0x29 /opt/toolchains/gcc-arm-none-eabi-4_9-2015q1/bin/../lib/gcc/arm-none-eabi/4.9.3/armv7-ar/thumb/libgcc.a(_divdi3.o)
 .ARM.attributes
                0x00000b36       0x29 /opt/toolchains/gcc-arm-none-eabi-4_9-2015q1/bin/../lib/gcc/arm-none-eabi/4.9.3/armv7-ar/thumb/libgcc.a(_udivdi3.o)
 .ARM.attributes
                0x00000b5f       0x29 /opt/toolchains/gcc-arm-none-eabi-4_9-2015q1/bin/../lib/gcc/arm-none-eabi/4.9.3/../../../../arm-none-eabi/lib/armv7-ar/thumb/libnosys.a(close.o)
 .ARM.attributes
                0x00000b88       0x29 /opt/toolchains/gcc-arm-none-eabi-4_9-2015q1/bin/../lib/gcc/arm-none-eabi/4.9.3/../../../../arm-none-eabi/lib/armv7-ar/thumb/libnosys.a(fstat.o)
 .ARM.attributes
                0x00000bb1       0x29 /opt/toolchains/gcc-arm-none-eabi-4_9-2015q1/bin/../lib/gcc/arm-none-eabi/4.9.3/../../../../arm-none-eabi/lib/armv7-ar/thumb/libnosys.a(isatty.o)
 .ARM.attributes
                0x00000bda       0x29 /opt/toolchains/gcc-arm-none-eabi-4_9-2015q1/bin/../lib/gcc/arm-none-eabi/4.9.3/../../../../arm-none-eabi/lib/armv7-ar/thumb/libnosys.a(lseek.o)
 .ARM.attributes
                0x00000c03       0x29 /opt/toolchains/gcc-arm-none-eabi-4_9-2015q1/bin/../lib/gcc/arm-none-eabi/4.9.3/../../../../arm-none-eabi/lib/armv7-ar/thumb/libnosys.a(read.o)
 .ARM.attributes
                0x00000c2c       0x29 /opt/toolchains/gcc-arm-none-eabi-4_9-2015q1/bin/../lib/gcc/arm-none-eabi/4.9.3/../../../../arm-none-eabi/lib/armv7-ar/thumb/libnosys.a(sbrk.o)

.comment        0x00000000       0x70
 .comment       0x00000000       0x70 /home/tienluong/workspace/atlantis_fw/Output/build/AsicFwS1/startup.o
                                 0x71 (size before relaxing)
 .comment       0x00000000       0x71 /home/tienluong/workspace/atlantis_fw/Output/build/AsicFwS1/hal_com.o
 .comment       0x00000000       0x71 /home/tienluong/workspace/atlantis_fw/Output/build/AsicFwS1/hal_gpio.o
 .comment       0x00000000       0x71 /home/tienluong/workspace/atlantis_fw/Output/build/AsicFwS1/hal_timer.o
 .comment       0x00000000       0x71 /home/tienluong/workspace/atlantis_fw/Output/build/AsicFwS1/hal_vic.o
 .comment       0x00000000       0x71 /home/tienluong/workspace/atlantis_fw/Output/build/AsicFwS1/hal_qspi.o
 .comment       0x00000000       0x71 /home/tienluong/workspace/atlantis_fw/Output/build/AsicFwS1/hal_pwm.o
 .comment       0x00000000       0x71 /home/tienluong/workspace/atlantis_fw/Output/build/AsicFwS1/hal_cache.o
 .comment       0x00000000       0x71 /home/tienluong/workspace/atlantis_fw/Output/build/AsicFwS1/hal_ddr.o
 .comment       0x00000000       0x71 /home/tienluong/workspace/atlantis_fw/Output/build/AsicFwS1/flash.o
 .comment       0x00000000       0x71 /home/tienluong/workspace/atlantis_fw/Output/build/AsicFwS1/timestamp.o
 .comment       0x00000000       0x71 /home/tienluong/workspace/atlantis_fw/Output/build/AsicFwS1/assert.o
 .comment       0x00000000       0x71 /home/tienluong/workspace/atlantis_fw/Output/build/AsicFwS1/main.o
 .comment       0x00000000       0x71 /home/tienluong/workspace/atlantis_fw/Output/build/AsicFwS1/timer_s1.o

.debug_info     0x00000000     0x7aaa
 .debug_info    0x00000000       0xc7 /home/tienluong/workspace/atlantis_fw/Output/build/AsicFwS1/startup.o
 .debug_info    0x000000c7      0xb1e /home/tienluong/workspace/atlantis_fw/Output/build/AsicFwS1/hal_com.o
 .debug_info    0x00000be5      0xb99 /home/tienluong/workspace/atlantis_fw/Output/build/AsicFwS1/hal_gpio.o
 .debug_info    0x0000177e      0x6b8 /home/tienluong/workspace/atlantis_fw/Output/build/AsicFwS1/hal_timer.o
 .debug_info    0x00001e36      0x5f1 /home/tienluong/workspace/atlantis_fw/Output/build/AsicFwS1/hal_vic.o
 .debug_info    0x00002427      0xae9 /home/tienluong/workspace/atlantis_fw/Output/build/AsicFwS1/hal_qspi.o
 .debug_info    0x00002f10      0xcb0 /home/tienluong/workspace/atlantis_fw/Output/build/AsicFwS1/hal_pwm.o
 .debug_info    0x00003bc0      0xa29 /home/tienluong/workspace/atlantis_fw/Output/build/AsicFwS1/hal_cache.o
 .debug_info    0x000045e9      0xcd2 /home/tienluong/workspace/atlantis_fw/Output/build/AsicFwS1/hal_ddr.o
 .debug_info    0x000052bb     0x1192 /home/tienluong/workspace/atlantis_fw/Output/build/AsicFwS1/flash.o
 .debug_info    0x0000644d      0x297 /home/tienluong/workspace/atlantis_fw/Output/build/AsicFwS1/timestamp.o
 .debug_info    0x000066e4      0x1d6 /home/tienluong/workspace/atlantis_fw/Output/build/AsicFwS1/assert.o
 .debug_info    0x000068ba      0xf06 /home/tienluong/workspace/atlantis_fw/Output/build/AsicFwS1/main.o
 .debug_info    0x000077c0      0x2ea /home/tienluong/workspace/atlantis_fw/Output/build/AsicFwS1/timer_s1.o

.debug_abbrev   0x00000000     0x1cc7
 .debug_abbrev  0x00000000       0x9b /home/tienluong/workspace/atlantis_fw/Output/build/AsicFwS1/startup.o
 .debug_abbrev  0x0000009b      0x293 /home/tienluong/workspace/atlantis_fw/Output/build/AsicFwS1/hal_com.o
 .debug_abbrev  0x0000032e      0x200 /home/tienluong/workspace/atlantis_fw/Output/build/AsicFwS1/hal_gpio.o
 .debug_abbrev  0x0000052e      0x25f /home/tienluong/workspace/atlantis_fw/Output/build/AsicFwS1/hal_timer.o
 .debug_abbrev  0x0000078d      0x1a1 /home/tienluong/workspace/atlantis_fw/Output/build/AsicFwS1/hal_vic.o
 .debug_abbrev  0x0000092e      0x1f7 /home/tienluong/workspace/atlantis_fw/Output/build/AsicFwS1/hal_qspi.o
 .debug_abbrev  0x00000b25      0x227 /home/tienluong/workspace/atlantis_fw/Output/build/AsicFwS1/hal_pwm.o
 .debug_abbrev  0x00000d4c      0x286 /home/tienluong/workspace/atlantis_fw/Output/build/AsicFwS1/hal_cache.o
 .debug_abbrev  0x00000fd2      0x334 /home/tienluong/workspace/atlantis_fw/Output/build/AsicFwS1/hal_ddr.o
 .debug_abbrev  0x00001306      0x33d /home/tienluong/workspace/atlantis_fw/Output/build/AsicFwS1/flash.o
 .debug_abbrev  0x00001643      0x15d /home/tienluong/workspace/atlantis_fw/Output/build/AsicFwS1/timestamp.o
 .debug_abbrev  0x000017a0       0xea /home/tienluong/workspace/atlantis_fw/Output/build/AsicFwS1/assert.o
 .debug_abbrev  0x0000188a      0x2ad /home/tienluong/workspace/atlantis_fw/Output/build/AsicFwS1/main.o
 .debug_abbrev  0x00001b37      0x190 /home/tienluong/workspace/atlantis_fw/Output/build/AsicFwS1/timer_s1.o

.debug_loc      0x00000000     0x32a7
 .debug_loc     0x00000000       0x43 /home/tienluong/workspace/atlantis_fw/Output/build/AsicFwS1/startup.o
 .debug_loc     0x00000043      0x278 /home/tienluong/workspace/atlantis_fw/Output/build/AsicFwS1/hal_com.o
 .debug_loc     0x000002bb      0x234 /home/tienluong/workspace/atlantis_fw/Output/build/AsicFwS1/hal_gpio.o
 .debug_loc     0x000004ef      0x294 /home/tienluong/workspace/atlantis_fw/Output/build/AsicFwS1/hal_timer.o
 .debug_loc     0x00000783      0x3cf /home/tienluong/workspace/atlantis_fw/Output/build/AsicFwS1/hal_vic.o
 .debug_loc     0x00000b52      0x167 /home/tienluong/workspace/atlantis_fw/Output/build/AsicFwS1/hal_qspi.o
 .debug_loc     0x00000cb9      0x485 /home/tienluong/workspace/atlantis_fw/Output/build/AsicFwS1/hal_pwm.o
 .debug_loc     0x0000113e      0x563 /home/tienluong/workspace/atlantis_fw/Output/build/AsicFwS1/hal_cache.o
 .debug_loc     0x000016a1      0xd40 /home/tienluong/workspace/atlantis_fw/Output/build/AsicFwS1/hal_ddr.o
 .debug_loc     0x000023e1      0x692 /home/tienluong/workspace/atlantis_fw/Output/build/AsicFwS1/flash.o
 .debug_loc     0x00002a73       0x6d /home/tienluong/workspace/atlantis_fw/Output/build/AsicFwS1/timestamp.o
 .debug_loc     0x00002ae0      0x106 /home/tienluong/workspace/atlantis_fw/Output/build/AsicFwS1/assert.o
 .debug_loc     0x00002be6      0x436 /home/tienluong/workspace/atlantis_fw/Output/build/AsicFwS1/main.o
 .debug_loc     0x0000301c      0x28b /home/tienluong/workspace/atlantis_fw/Output/build/AsicFwS1/timer_s1.o

.debug_aranges  0x00000000      0x470
 .debug_aranges
                0x00000000       0x20 /home/tienluong/workspace/atlantis_fw/Output/build/AsicFwS1/startup.o
 .debug_aranges
                0x00000020       0x48 /home/tienluong/workspace/atlantis_fw/Output/build/AsicFwS1/hal_com.o
 .debug_aranges
                0x00000068       0x58 /home/tienluong/workspace/atlantis_fw/Output/build/AsicFwS1/hal_gpio.o
 .debug_aranges
                0x000000c0       0x50 /home/tienluong/workspace/atlantis_fw/Output/build/AsicFwS1/hal_timer.o
 .debug_aranges
                0x00000110       0x58 /home/tienluong/workspace/atlantis_fw/Output/build/AsicFwS1/hal_vic.o
 .debug_aranges
                0x00000168       0x28 /home/tienluong/workspace/atlantis_fw/Output/build/AsicFwS1/hal_qspi.o
 .debug_aranges
                0x00000190       0x70 /home/tienluong/workspace/atlantis_fw/Output/build/AsicFwS1/hal_pwm.o
 .debug_aranges
                0x00000200       0x98 /home/tienluong/workspace/atlantis_fw/Output/build/AsicFwS1/hal_cache.o
 .debug_aranges
                0x00000298       0x80 /home/tienluong/workspace/atlantis_fw/Output/build/AsicFwS1/hal_ddr.o
 .debug_aranges
                0x00000318       0x78 /home/tienluong/workspace/atlantis_fw/Output/build/AsicFwS1/flash.o
 .debug_aranges
                0x00000390       0x28 /home/tienluong/workspace/atlantis_fw/Output/build/AsicFwS1/timestamp.o
 .debug_aranges
                0x000003b8       0x28 /home/tienluong/workspace/atlantis_fw/Output/build/AsicFwS1/assert.o
 .debug_aranges
                0x000003e0       0x38 /home/tienluong/workspace/atlantis_fw/Output/build/AsicFwS1/main.o
 .debug_aranges
                0x00000418       0x58 /home/tienluong/workspace/atlantis_fw/Output/build/AsicFwS1/timer_s1.o

.debug_ranges   0x00000000      0x638
 .debug_ranges  0x00000000       0x10 /home/tienluong/workspace/atlantis_fw/Output/build/AsicFwS1/startup.o
 .debug_ranges  0x00000010       0x38 /home/tienluong/workspace/atlantis_fw/Output/build/AsicFwS1/hal_com.o
 .debug_ranges  0x00000048       0x48 /home/tienluong/workspace/atlantis_fw/Output/build/AsicFwS1/hal_gpio.o
 .debug_ranges  0x00000090       0x88 /home/tienluong/workspace/atlantis_fw/Output/build/AsicFwS1/hal_timer.o
 .debug_ranges  0x00000118       0x48 /home/tienluong/workspace/atlantis_fw/Output/build/AsicFwS1/hal_vic.o
 .debug_ranges  0x00000160       0x18 /home/tienluong/workspace/atlantis_fw/Output/build/AsicFwS1/hal_qspi.o
 .debug_ranges  0x00000178       0x60 /home/tienluong/workspace/atlantis_fw/Output/build/AsicFwS1/hal_pwm.o
 .debug_ranges  0x000001d8       0xc0 /home/tienluong/workspace/atlantis_fw/Output/build/AsicFwS1/hal_cache.o
 .debug_ranges  0x00000298      0x230 /home/tienluong/workspace/atlantis_fw/Output/build/AsicFwS1/hal_ddr.o
 .debug_ranges  0x000004c8       0xb8 /home/tienluong/workspace/atlantis_fw/Output/build/AsicFwS1/flash.o
 .debug_ranges  0x00000580       0x18 /home/tienluong/workspace/atlantis_fw/Output/build/AsicFwS1/timestamp.o
 .debug_ranges  0x00000598       0x18 /home/tienluong/workspace/atlantis_fw/Output/build/AsicFwS1/assert.o
 .debug_ranges  0x000005b0       0x28 /home/tienluong/workspace/atlantis_fw/Output/build/AsicFwS1/main.o
 .debug_ranges  0x000005d8       0x60 /home/tienluong/workspace/atlantis_fw/Output/build/AsicFwS1/timer_s1.o

.debug_line     0x00000000     0x29ff
 .debug_line    0x00000000       0x95 /home/tienluong/workspace/atlantis_fw/Output/build/AsicFwS1/startup.o
 .debug_line    0x00000095      0x330 /home/tienluong/workspace/atlantis_fw/Output/build/AsicFwS1/hal_com.o
 .debug_line    0x000003c5      0x3ee /home/tienluong/workspace/atlantis_fw/Output/build/AsicFwS1/hal_gpio.o
 .debug_line    0x000007b3      0x241 /home/tienluong/workspace/atlantis_fw/Output/build/AsicFwS1/hal_timer.o
 .debug_line    0x000009f4      0x313 /home/tienluong/workspace/atlantis_fw/Output/build/AsicFwS1/hal_vic.o
 .debug_line    0x00000d07      0x269 /home/tienluong/workspace/atlantis_fw/Output/build/AsicFwS1/hal_qspi.o
 .debug_line    0x00000f70      0x44c /home/tienluong/workspace/atlantis_fw/Output/build/AsicFwS1/hal_pwm.o
 .debug_line    0x000013bc      0x2ae /home/tienluong/workspace/atlantis_fw/Output/build/AsicFwS1/hal_cache.o
 .debug_line    0x0000166a      0x63f /home/tienluong/workspace/atlantis_fw/Output/build/AsicFwS1/hal_ddr.o
 .debug_line    0x00001ca9      0x586 /home/tienluong/workspace/atlantis_fw/Output/build/AsicFwS1/flash.o
 .debug_line    0x0000222f      0x188 /home/tienluong/workspace/atlantis_fw/Output/build/AsicFwS1/timestamp.o
 .debug_line    0x000023b7      0x146 /home/tienluong/workspace/atlantis_fw/Output/build/AsicFwS1/assert.o
 .debug_line    0x000024fd      0x318 /home/tienluong/workspace/atlantis_fw/Output/build/AsicFwS1/main.o
 .debug_line    0x00002815      0x1ea /home/tienluong/workspace/atlantis_fw/Output/build/AsicFwS1/timer_s1.o

.debug_str      0x00000000     0x23d5
 .debug_str     0x00000000      0x179 /home/tienluong/workspace/atlantis_fw/Output/build/AsicFwS1/startup.o
                                0x190 (size before relaxing)
 .debug_str     0x00000179      0x5d5 /home/tienluong/workspace/atlantis_fw/Output/build/AsicFwS1/hal_com.o
                                0x708 (size before relaxing)
 .debug_str     0x0000074e      0x408 /home/tienluong/workspace/atlantis_fw/Output/build/AsicFwS1/hal_gpio.o
                                0x89f (size before relaxing)
 .debug_str     0x00000b56      0x26c /home/tienluong/workspace/atlantis_fw/Output/build/AsicFwS1/hal_timer.o
                                0x69d (size before relaxing)
 .debug_str     0x00000dc2       0xc1 /home/tienluong/workspace/atlantis_fw/Output/build/AsicFwS1/hal_vic.o
                                0x549 (size before relaxing)
 .debug_str     0x00000e83      0x685 /home/tienluong/workspace/atlantis_fw/Output/build/AsicFwS1/hal_qspi.o
                                0x871 (size before relaxing)
 .debug_str     0x00001508      0x460 /home/tienluong/workspace/atlantis_fw/Output/build/AsicFwS1/hal_pwm.o
                                0x927 (size before relaxing)
 .debug_str     0x00001968      0x2f4 /home/tienluong/workspace/atlantis_fw/Output/build/AsicFwS1/hal_cache.o
                                0x4b0 (size before relaxing)
 .debug_str     0x00001c5c      0x1f8 /home/tienluong/workspace/atlantis_fw/Output/build/AsicFwS1/hal_ddr.o
                                0x3c4 (size before relaxing)
 .debug_str     0x00001e54      0x1c3 /home/tienluong/workspace/atlantis_fw/Output/build/AsicFwS1/flash.o
                                0x8d2 (size before relaxing)
 .debug_str     0x00002017       0x8a /home/tienluong/workspace/atlantis_fw/Output/build/AsicFwS1/timestamp.o
                                0x38a (size before relaxing)
 .debug_str     0x000020a1       0x57 /home/tienluong/workspace/atlantis_fw/Output/build/AsicFwS1/assert.o
                                0x226 (size before relaxing)
 .debug_str     0x000020f8      0x222 /home/tienluong/workspace/atlantis_fw/Output/build/AsicFwS1/main.o
                                0x9c0 (size before relaxing)
 .debug_str     0x0000231a       0xbb /home/tienluong/workspace/atlantis_fw/Output/build/AsicFwS1/timer_s1.o
                                0x27e (size before relaxing)

.debug_frame    0x00000000     0x1d28
 .debug_frame   0x00000000       0x20 /home/tienluong/workspace/atlantis_fw/Output/build/AsicFwS1/startup.o
 .debug_frame   0x00000020       0xb8 /home/tienluong/workspace/atlantis_fw/Output/build/AsicFwS1/hal_com.o
 .debug_frame   0x000000d8       0xec /home/tienluong/workspace/atlantis_fw/Output/build/AsicFwS1/hal_gpio.o
 .debug_frame   0x000001c4       0xc4 /home/tienluong/workspace/atlantis_fw/Output/build/AsicFwS1/hal_timer.o
 .debug_frame   0x00000288       0xf8 /home/tienluong/workspace/atlantis_fw/Output/build/AsicFwS1/hal_vic.o
 .debug_frame   0x00000380       0x4c /home/tienluong/workspace/atlantis_fw/Output/build/AsicFwS1/hal_qspi.o
 .debug_frame   0x000003cc      0x1a4 /home/tienluong/workspace/atlantis_fw/Output/build/AsicFwS1/hal_pwm.o
 .debug_frame   0x00000570      0x160 /home/tienluong/workspace/atlantis_fw/Output/build/AsicFwS1/hal_cache.o
 .debug_frame   0x000006d0      0x1bc /home/tienluong/workspace/atlantis_fw/Output/build/AsicFwS1/hal_ddr.o
 .debug_frame   0x0000088c      0x18c /home/tienluong/workspace/atlantis_fw/Output/build/AsicFwS1/flash.o
 .debug_frame   0x00000a18       0x4c /home/tienluong/workspace/atlantis_fw/Output/build/AsicFwS1/timestamp.o
 .debug_frame   0x00000a64       0x48 /home/tienluong/workspace/atlantis_fw/Output/build/AsicFwS1/assert.o
 .debug_frame   0x00000aac       0xac /home/tienluong/workspace/atlantis_fw/Output/build/AsicFwS1/main.o
 .debug_frame   0x00000b58       0xa8 /home/tienluong/workspace/atlantis_fw/Output/build/AsicFwS1/timer_s1.o
 .debug_frame   0x00000c00       0x20 /opt/toolchains/gcc-arm-none-eabi-4_9-2015q1/bin/../lib/gcc/arm-none-eabi/4.9.3/armv7-ar/thumb/libgcc.a(_udivsi3.o)
 .debug_frame   0x00000c20       0x20 /opt/toolchains/gcc-arm-none-eabi-4_9-2015q1/bin/../lib/gcc/arm-none-eabi/4.9.3/armv7-ar/thumb/libgcc.a(_divsi3.o)
 .debug_frame   0x00000c40       0x30 /opt/toolchains/gcc-arm-none-eabi-4_9-2015q1/bin/../lib/gcc/arm-none-eabi/4.9.3/../../../../arm-none-eabi/lib/armv7-ar/thumb/libc.a(lib_a-memcpy.o)
 .debug_frame   0x00000c70       0x34 /opt/toolchains/gcc-arm-none-eabi-4_9-2015q1/bin/../lib/gcc/arm-none-eabi/4.9.3/../../../../arm-none-eabi/lib/armv7-ar/thumb/libc.a(lib_a-memset.o)
 .debug_frame   0x00000ca4       0x78 /opt/toolchains/gcc-arm-none-eabi-4_9-2015q1/bin/../lib/gcc/arm-none-eabi/4.9.3/../../../../arm-none-eabi/lib/armv7-ar/thumb/libc.a(lib_a-printf.o)
 .debug_frame   0x00000d1c       0x30 /opt/toolchains/gcc-arm-none-eabi-4_9-2015q1/bin/../lib/gcc/arm-none-eabi/4.9.3/../../../../arm-none-eabi/lib/armv7-ar/thumb/libc.a(lib_a-putchar.o)
 .debug_frame   0x00000d4c       0x44 /opt/toolchains/gcc-arm-none-eabi-4_9-2015q1/bin/../lib/gcc/arm-none-eabi/4.9.3/../../../../arm-none-eabi/lib/armv7-ar/thumb/libc.a(lib_a-puts.o)
 .debug_frame   0x00000d90       0x20 /opt/toolchains/gcc-arm-none-eabi-4_9-2015q1/bin/../lib/gcc/arm-none-eabi/4.9.3/../../../../arm-none-eabi/lib/armv7-ar/thumb/libc.a(lib_a-strlen.o)
 .debug_frame   0x00000db0       0x94 /opt/toolchains/gcc-arm-none-eabi-4_9-2015q1/bin/../lib/gcc/arm-none-eabi/4.9.3/../../../../arm-none-eabi/lib/armv7-ar/thumb/libc.a(lib_a-vfprintf.o)
 .debug_frame   0x00000e44       0x2c /opt/toolchains/gcc-arm-none-eabi-4_9-2015q1/bin/../lib/gcc/arm-none-eabi/4.9.3/../../../../arm-none-eabi/lib/armv7-ar/thumb/libc.a(lib_a-wsetup.o)
 .debug_frame   0x00000e70       0x74 /opt/toolchains/gcc-arm-none-eabi-4_9-2015q1/bin/../lib/gcc/arm-none-eabi/4.9.3/../../../../arm-none-eabi/lib/armv7-ar/thumb/libc.a(lib_a-dtoa.o)
 .debug_frame   0x00000ee4       0x6c /opt/toolchains/gcc-arm-none-eabi-4_9-2015q1/bin/../lib/gcc/arm-none-eabi/4.9.3/../../../../arm-none-eabi/lib/armv7-ar/thumb/libc.a(lib_a-fflush.o)
 .debug_frame   0x00000f50      0x124 /opt/toolchains/gcc-arm-none-eabi-4_9-2015q1/bin/../lib/gcc/arm-none-eabi/4.9.3/../../../../arm-none-eabi/lib/armv7-ar/thumb/libc.a(lib_a-findfp.o)
 .debug_frame   0x00001074       0x74 /opt/toolchains/gcc-arm-none-eabi-4_9-2015q1/bin/../lib/gcc/arm-none-eabi/4.9.3/../../../../arm-none-eabi/lib/armv7-ar/thumb/libc.a(lib_a-freer.o)
 .debug_frame   0x000010e8       0x68 /opt/toolchains/gcc-arm-none-eabi-4_9-2015q1/bin/../lib/gcc/arm-none-eabi/4.9.3/../../../../arm-none-eabi/lib/armv7-ar/thumb/libc.a(lib_a-fvwrite.o)
 .debug_frame   0x00001150       0x54 /opt/toolchains/gcc-arm-none-eabi-4_9-2015q1/bin/../lib/gcc/arm-none-eabi/4.9.3/../../../../arm-none-eabi/lib/armv7-ar/thumb/libc.a(lib_a-fwalk.o)
 .debug_frame   0x000011a4       0x9c /opt/toolchains/gcc-arm-none-eabi-4_9-2015q1/bin/../lib/gcc/arm-none-eabi/4.9.3/../../../../arm-none-eabi/lib/armv7-ar/thumb/libc.a(lib_a-locale.o)
 .debug_frame   0x00001240       0x48 /opt/toolchains/gcc-arm-none-eabi-4_9-2015q1/bin/../lib/gcc/arm-none-eabi/4.9.3/../../../../arm-none-eabi/lib/armv7-ar/thumb/libc.a(lib_a-makebuf.o)
 .debug_frame   0x00001288       0x58 /opt/toolchains/gcc-arm-none-eabi-4_9-2015q1/bin/../lib/gcc/arm-none-eabi/4.9.3/../../../../arm-none-eabi/lib/armv7-ar/thumb/libc.a(lib_a-mallocr.o)
 .debug_frame   0x000012e0       0x3c /opt/toolchains/gcc-arm-none-eabi-4_9-2015q1/bin/../lib/gcc/arm-none-eabi/4.9.3/../../../../arm-none-eabi/lib/armv7-ar/thumb/libc.a(lib_a-memchr.o)
 .debug_frame   0x0000131c       0x30 /opt/toolchains/gcc-arm-none-eabi-4_9-2015q1/bin/../lib/gcc/arm-none-eabi/4.9.3/../../../../arm-none-eabi/lib/armv7-ar/thumb/libc.a(lib_a-memmove.o)
 .debug_frame   0x0000134c       0x30 /opt/toolchains/gcc-arm-none-eabi-4_9-2015q1/bin/../lib/gcc/arm-none-eabi/4.9.3/../../../../arm-none-eabi/lib/armv7-ar/thumb/libc.a(lib_a-mlock.o)
 .debug_frame   0x0000137c      0x268 /opt/toolchains/gcc-arm-none-eabi-4_9-2015q1/bin/../lib/gcc/arm-none-eabi/4.9.3/../../../../arm-none-eabi/lib/armv7-ar/thumb/libc.a(lib_a-mprec.o)
 .debug_frame   0x000015e4       0x68 /opt/toolchains/gcc-arm-none-eabi-4_9-2015q1/bin/../lib/gcc/arm-none-eabi/4.9.3/../../../../arm-none-eabi/lib/armv7-ar/thumb/libc.a(lib_a-putc.o)
 .debug_frame   0x0000164c       0x54 /opt/toolchains/gcc-arm-none-eabi-4_9-2015q1/bin/../lib/gcc/arm-none-eabi/4.9.3/../../../../arm-none-eabi/lib/armv7-ar/thumb/libc.a(lib_a-reallocr.o)
 .debug_frame   0x000016a0       0x20 /opt/toolchains/gcc-arm-none-eabi-4_9-2015q1/bin/../lib/gcc/arm-none-eabi/4.9.3/../../../../arm-none-eabi/lib/armv7-ar/thumb/libc.a(lib_a-s_fpclassify.o)
 .debug_frame   0x000016c0       0x2c /opt/toolchains/gcc-arm-none-eabi-4_9-2015q1/bin/../lib/gcc/arm-none-eabi/4.9.3/../../../../arm-none-eabi/lib/armv7-ar/thumb/libc.a(lib_a-sbrkr.o)
 .debug_frame   0x000016ec       0x88 /opt/toolchains/gcc-arm-none-eabi-4_9-2015q1/bin/../lib/gcc/arm-none-eabi/4.9.3/../../../../arm-none-eabi/lib/armv7-ar/thumb/libc.a(lib_a-stdio.o)
 .debug_frame   0x00001774       0xdc /opt/toolchains/gcc-arm-none-eabi-4_9-2015q1/bin/../lib/gcc/arm-none-eabi/4.9.3/../../../../arm-none-eabi/lib/armv7-ar/thumb/libc.a(lib_a-vfiprintf.o)
 .debug_frame   0x00001850       0x3c /opt/toolchains/gcc-arm-none-eabi-4_9-2015q1/bin/../lib/gcc/arm-none-eabi/4.9.3/../../../../arm-none-eabi/lib/armv7-ar/thumb/libc.a(lib_a-wbuf.o)
 .debug_frame   0x0000188c       0x2c /opt/toolchains/gcc-arm-none-eabi-4_9-2015q1/bin/../lib/gcc/arm-none-eabi/4.9.3/../../../../arm-none-eabi/lib/armv7-ar/thumb/libc.a(lib_a-writer.o)
 .debug_frame   0x000018b8       0x28 /opt/toolchains/gcc-arm-none-eabi-4_9-2015q1/bin/../lib/gcc/arm-none-eabi/4.9.3/../../../../arm-none-eabi/lib/armv7-ar/thumb/libc.a(lib_a-callocr.o)
 .debug_frame   0x000018e0       0x2c /opt/toolchains/gcc-arm-none-eabi-4_9-2015q1/bin/../lib/gcc/arm-none-eabi/4.9.3/../../../../arm-none-eabi/lib/armv7-ar/thumb/libc.a(lib_a-closer.o)
 .debug_frame   0x0000190c       0x44 /opt/toolchains/gcc-arm-none-eabi-4_9-2015q1/bin/../lib/gcc/arm-none-eabi/4.9.3/../../../../arm-none-eabi/lib/armv7-ar/thumb/libc.a(lib_a-fclose.o)
 .debug_frame   0x00001950       0x84 /opt/toolchains/gcc-arm-none-eabi-4_9-2015q1/bin/../lib/gcc/arm-none-eabi/4.9.3/../../../../arm-none-eabi/lib/armv7-ar/thumb/libc.a(lib_a-fputwc.o)
 .debug_frame   0x000019d4       0x2c /opt/toolchains/gcc-arm-none-eabi-4_9-2015q1/bin/../lib/gcc/arm-none-eabi/4.9.3/../../../../arm-none-eabi/lib/armv7-ar/thumb/libc.a(lib_a-fstatr.o)
 .debug_frame   0x00001a00       0x2c /opt/toolchains/gcc-arm-none-eabi-4_9-2015q1/bin/../lib/gcc/arm-none-eabi/4.9.3/../../../../arm-none-eabi/lib/armv7-ar/thumb/libc.a(lib_a-isattyr.o)
 .debug_frame   0x00001a2c       0x2c /opt/toolchains/gcc-arm-none-eabi-4_9-2015q1/bin/../lib/gcc/arm-none-eabi/4.9.3/../../../../arm-none-eabi/lib/armv7-ar/thumb/libc.a(lib_a-lseekr.o)
 .debug_frame   0x00001a58       0x2c /opt/toolchains/gcc-arm-none-eabi-4_9-2015q1/bin/../lib/gcc/arm-none-eabi/4.9.3/../../../../arm-none-eabi/lib/armv7-ar/thumb/libc.a(lib_a-readr.o)
 .debug_frame   0x00001a84       0x58 /opt/toolchains/gcc-arm-none-eabi-4_9-2015q1/bin/../lib/gcc/arm-none-eabi/4.9.3/../../../../arm-none-eabi/lib/armv7-ar/thumb/libc.a(lib_a-reent.o)
 .debug_frame   0x00001adc       0x60 /opt/toolchains/gcc-arm-none-eabi-4_9-2015q1/bin/../lib/gcc/arm-none-eabi/4.9.3/../../../../arm-none-eabi/lib/armv7-ar/thumb/libc.a(lib_a-wcrtomb.o)
 .debug_frame   0x00001b3c       0x48 /opt/toolchains/gcc-arm-none-eabi-4_9-2015q1/bin/../lib/gcc/arm-none-eabi/4.9.3/../../../../arm-none-eabi/lib/armv7-ar/thumb/libc.a(lib_a-wctomb_r.o)
 .debug_frame   0x00001b84       0x28 /opt/toolchains/gcc-arm-none-eabi-4_9-2015q1/bin/../lib/gcc/arm-none-eabi/4.9.3/armv7-ar/thumb/libgcc.a(_aeabi_uldivmod.o)
 .debug_frame   0x00001bac       0x54 /opt/toolchains/gcc-arm-none-eabi-4_9-2015q1/bin/../lib/gcc/arm-none-eabi/4.9.3/armv7-ar/thumb/libgcc.a(bpabi.o)
 .debug_frame   0x00001c00       0x38 /opt/toolchains/gcc-arm-none-eabi-4_9-2015q1/bin/../lib/gcc/arm-none-eabi/4.9.3/armv7-ar/thumb/libgcc.a(_divdi3.o)
 .debug_frame   0x00001c38       0x30 /opt/toolchains/gcc-arm-none-eabi-4_9-2015q1/bin/../lib/gcc/arm-none-eabi/4.9.3/armv7-ar/thumb/libgcc.a(_udivdi3.o)
 .debug_frame   0x00001c68       0x20 /opt/toolchains/gcc-arm-none-eabi-4_9-2015q1/bin/../lib/gcc/arm-none-eabi/4.9.3/../../../../arm-none-eabi/lib/armv7-ar/thumb/libnosys.a(close.o)
 .debug_frame   0x00001c88       0x20 /opt/toolchains/gcc-arm-none-eabi-4_9-2015q1/bin/../lib/gcc/arm-none-eabi/4.9.3/../../../../arm-none-eabi/lib/armv7-ar/thumb/libnosys.a(fstat.o)
 .debug_frame   0x00001ca8       0x20 /opt/toolchains/gcc-arm-none-eabi-4_9-2015q1/bin/../lib/gcc/arm-none-eabi/4.9.3/../../../../arm-none-eabi/lib/armv7-ar/thumb/libnosys.a(isatty.o)
 .debug_frame   0x00001cc8       0x20 /opt/toolchains/gcc-arm-none-eabi-4_9-2015q1/bin/../lib/gcc/arm-none-eabi/4.9.3/../../../../arm-none-eabi/lib/armv7-ar/thumb/libnosys.a(lseek.o)
 .debug_frame   0x00001ce8       0x20 /opt/toolchains/gcc-arm-none-eabi-4_9-2015q1/bin/../lib/gcc/arm-none-eabi/4.9.3/../../../../arm-none-eabi/lib/armv7-ar/thumb/libnosys.a(read.o)
 .debug_frame   0x00001d08       0x20 /opt/toolchains/gcc-arm-none-eabi-4_9-2015q1/bin/../lib/gcc/arm-none-eabi/4.9.3/../../../../arm-none-eabi/lib/armv7-ar/thumb/libnosys.a(sbrk.o)

.stab           0x00000000       0x84
 .stab          0x00000000       0x24 /opt/toolchains/gcc-arm-none-eabi-4_9-2015q1/bin/../lib/gcc/arm-none-eabi/4.9.3/../../../../arm-none-eabi/lib/armv7-ar/thumb/libnosys.a(close.o)
 .stab          0x00000024       0x18 /opt/toolchains/gcc-arm-none-eabi-4_9-2015q1/bin/../lib/gcc/arm-none-eabi/4.9.3/../../../../arm-none-eabi/lib/armv7-ar/thumb/libnosys.a(fstat.o)
                                 0x24 (size before relaxing)
 .stab          0x0000003c       0x18 /opt/toolchains/gcc-arm-none-eabi-4_9-2015q1/bin/../lib/gcc/arm-none-eabi/4.9.3/../../../../arm-none-eabi/lib/armv7-ar/thumb/libnosys.a(isatty.o)
                                 0x24 (size before relaxing)
 .stab          0x00000054       0x18 /opt/toolchains/gcc-arm-none-eabi-4_9-2015q1/bin/../lib/gcc/arm-none-eabi/4.9.3/../../../../arm-none-eabi/lib/armv7-ar/thumb/libnosys.a(lseek.o)
                                 0x24 (size before relaxing)
 .stab          0x0000006c       0x18 /opt/toolchains/gcc-arm-none-eabi-4_9-2015q1/bin/../lib/gcc/arm-none-eabi/4.9.3/../../../../arm-none-eabi/lib/armv7-ar/thumb/libnosys.a(read.o)
                                 0x24 (size before relaxing)

.stabstr        0x00000000      0x117
 .stabstr       0x00000000      0x117 /opt/toolchains/gcc-arm-none-eabi-4_9-2015q1/bin/../lib/gcc/arm-none-eabi/4.9.3/../../../../arm-none-eabi/lib/armv7-ar/thumb/libnosys.a(close.o)

Cross Reference Table

Symbol                                            File
DDRPHY_init0                                      /home/tienluong/workspace/atlantis_fw/Output/build/AsicFwS1/hal_ddr.o
DDRPHY_init1                                      /home/tienluong/workspace/atlantis_fw/Output/build/AsicFwS1/hal_ddr.o
DDR_Init                                          /home/tienluong/workspace/atlantis_fw/Output/build/AsicFwS1/hal_ddr.o
DDR_MCTL_DFI_init_complete_ctrl                   /home/tienluong/workspace/atlantis_fw/Output/build/AsicFwS1/hal_ddr.o
DDR_MCTL_init                                     /home/tienluong/workspace/atlantis_fw/Output/build/AsicFwS1/hal_ddr.o
DDR_MCTL_init_2                                   /home/tienluong/workspace/atlantis_fw/Output/build/AsicFwS1/hal_ddr.o
DDR_MCTL_init_3                                   /home/tienluong/workspace/atlantis_fw/Output/build/AsicFwS1/hal_ddr.o
DDR_TEST                                          /home/tienluong/workspace/atlantis_fw/Output/build/AsicFwS1/hal_ddr.o